 testaddon

 Timestamp is 5d160d33 (Fri Jun 28 08:50:59 2019)

 Preferred load address is 0000000180000000

 Start         Length     Name                   Class
 0001:00000000 0000cfc0H .text$mn                CODE
 0001:0000cfc0 00000020H .text$mn$00             CODE
 0001:0000cfe0 00000250H .text$x                 CODE
 0002:00000000 00000248H .idata$5                DATA
 0002:00000248 00000010H .00cfg                  DATA
 0002:00000258 00000008H .CRT$XCA                DATA
 0002:00000260 00000008H .CRT$XCU                DATA
 0002:00000268 00000008H .CRT$XCZ                DATA
 0002:00000270 00000008H .CRT$XIA                DATA
 0002:00000278 00000018H .CRT$XIC                DATA
 0002:00000290 00000008H .CRT$XIZ                DATA
 0002:00000298 00000008H .CRT$XPA                DATA
 0002:000002a0 00000010H .CRT$XPX                DATA
 0002:000002b0 00000008H .CRT$XPXA               DATA
 0002:000002b8 00000008H .CRT$XPZ                DATA
 0002:000002c0 00000008H .CRT$XTA                DATA
 0002:000002c8 00000008H .CRT$XTZ                DATA
 0002:000002d0 00000000H .gfids$y                DATA
 0002:000002d0 00007480H .rdata                  DATA
 0002:00007750 000001f4H .rdata$r                DATA
 0002:00007944 000003acH .rdata$zzzdbg           DATA
 0002:00007cf0 00000008H .rtc$IAA                DATA
 0002:00007cf8 00000008H .rtc$IZZ                DATA
 0002:00007d00 00000008H .rtc$TAA                DATA
 0002:00007d08 00000008H .rtc$TZZ                DATA
 0002:00007d10 00000c90H .xdata                  DATA
 0002:000089a0 000000ecH .xdata$x                DATA
 0002:00008a8c 00000020H .didat$2                DATA
 0002:00008aac 00000024H .didat$3                DATA
 0002:00008ad0 000000c8H .didat$4                DATA
 0002:00008b98 00000240H .didat$6                DATA
 0002:00008dd8 000000c8H .didat$7                DATA
 0002:00008ea0 00000058H .edata                  DATA
 0002:00008ef8 00000014H .idata$2                DATA
 0002:00008f0c 00000014H .idata$3                DATA
 0002:00008f20 00000248H .idata$4                DATA
 0002:00009168 0000054eH .idata$6                DATA
 0003:00000000 00000a28H .data                   DATA
 0003:00000a28 000000a0H .data$r                 DATA
 0003:00000ac8 000000c8H .didat$5                DATA
 0003:00000b90 00001200H .bss                    DATA
 0004:00000000 00000f18H .pdata                  DATA
 0005:00000000 00000060H .rsrc$01                DATA
 0005:00000060 00000180H .rsrc$02                DATA

  Address         Publics by Value              Rva+Base               Lib:Object

 0000:00000000       __hybrid_code_map_count    0000000000000000     <absolute>
 0000:00000000       __guard_fids_count         0000000000000000     <absolute>
 0000:00000000       __guard_iat_count          0000000000000000     <absolute>
 0000:00000000       __volatile_metadata        0000000000000000     <absolute>
 0000:00000000       __guard_longjmp_count      0000000000000000     <absolute>
 0000:00000000       __guard_longjmp_table      0000000000000000     <absolute>
 0000:00000000       __guard_iat_table          0000000000000000     <absolute>
 0000:00000000       __hybrid_code_map          0000000000000000     <absolute>
 0000:00000000       ___safe_se_handler_count   0000000000000000     <absolute>
 0000:00000000       __enclave_config           0000000000000000     <absolute>
 0000:00000000       ___safe_se_handler_table   0000000000000000     <absolute>
 0000:00000000       __guard_fids_table         0000000000000000     <absolute>
 0000:00000000       __hybrid_auxiliary_iat     0000000000000000     <absolute>
 0000:00000000       __dynamic_value_reloc_table 0000000000000000     <absolute>
 0000:00000100       __guard_flags              0000000000000100     <absolute>
 0000:00000000       __ImageBase                0000000180000000     <linker-defined>
 0001:00000000       ?InitAll@@YA?AVObject@Napi@@VEnv@2@V12@@Z 0000000180001000 f   main.obj
 0001:00000030       ?__napi_InitAll@@YAPEAUnapi_value__@@PEAUnapi_env__@@PEAU1@@Z 0000000180001030 f   main.obj
 0001:00000090       ?Int32Value@Number@Napi@@QEBAHXZ 0000000180001090 f i functionexample.obj
 0001:00000180       ?New@Error@Napi@@SA?AV12@PEAUnapi_env__@@@Z 0000000180001180 f i functionexample.obj
 0001:00000370       ?ThrowAsJavaScriptException@Error@Napi@@QEBAXXZ 0000000180001370 f i functionexample.obj
 0001:00000540       ??0CallbackInfo@Napi@@QEAA@PEAUnapi_env__@@PEAUnapi_callback_info__@@@Z 0000000180001540 f i functionexample.obj
 0001:00000710       ??ACallbackInfo@Napi@@QEBA?BVValue@1@_K@Z 0000000180001710 f i functionexample.obj
 0001:00000830       ?HelloWrapped@functionexample@@YA?AVString@Napi@@AEBVCallbackInfo@3@@Z 0000000180001830 f   functionexample.obj
 0001:000009c0       ?AddWrapped@functionexample@@YA?AVNumber@Napi@@AEBVCallbackInfo@3@@Z 00000001800019c0 f   functionexample.obj
 0001:00000d20       ?Init@functionexample@@YA?AVObject@Napi@@VEnv@3@V23@@Z 0000000180001d20 f   functionexample.obj
 0001:000011b0       ??$New@VTypeError@Napi@@@Error@Napi@@KA?AVTypeError@1@PEAUnapi_env__@@PEBD_KP6A?AW4napi_status@@0PEAUnapi_value__@@3PEAPEAU5@@Z@Z 00000001800021b0 f i functionexample.obj
 0001:00001380       ?Wrapper@?$CallbackData@P6A?AVNumber@Napi@@AEBVCallbackInfo@2@@ZV12@@details@Napi@@SAPEAUnapi_value__@@PEAUnapi_env__@@PEAUnapi_callback_info__@@@Z 0000000180002380 f i functionexample.obj
 0001:00001380       ?Wrapper@?$CallbackData@P6A?AVString@Napi@@AEBVCallbackInfo@2@@ZV12@@details@Napi@@SAPEAUnapi_value__@@PEAUnapi_env__@@PEAUnapi_callback_info__@@@Z 0000000180002380 f i functionexample.obj
 0001:0000143c       __imp_load_napi_module_register 000000018000243c f   node:node.exe
 0001:00001448       __tailMerge_node_exe       0000000180002448     node:node.exe
 0001:000014c1       __imp_load_napi_create_function 00000001800024c1 f   node:node.exe
 0001:000014cd       __imp_load_napi_open_handle_scope 00000001800024cd f   node:node.exe
 0001:000014d9       __imp_load_napi_get_last_error_info 00000001800024d9 f   node:node.exe
 0001:000014e5       __imp_load_napi_create_error 00000001800024e5 f   node:node.exe
 0001:000014f1       __imp_load_napi_delete_reference 00000001800024f1 f   node:node.exe
 0001:000014fd       __imp_load_napi_fatal_error 00000001800024fd f   node:node.exe
 0001:00001509       __imp_load_napi_is_exception_pending 0000000180002509 f   node:node.exe
 0001:00001515       __imp_load_napi_create_symbol 0000000180002515 f   node:node.exe
 0001:00001521       __imp_load_napi_create_type_error 0000000180002521 f   node:node.exe
 0001:0000152d       __imp_load_napi_create_external 000000018000252d f   node:node.exe
 0001:00001539       __imp_load_napi_create_string_utf8 0000000180002539 f   node:node.exe
 0001:00001545       __imp_load_napi_set_named_property 0000000180002545 f   node:node.exe
 0001:00001551       __imp_load_napi_define_properties 0000000180002551 f   node:node.exe
 0001:0000155d       __imp_load_napi_typeof     000000018000255d f   node:node.exe
 0001:00001569       __imp_load_napi_throw      0000000180002569 f   node:node.exe
 0001:00001575       __imp_load_napi_get_value_int32 0000000180002575 f   node:node.exe
 0001:00001581       __imp_load_napi_get_and_clear_last_exception 0000000180002581 f   node:node.exe
 0001:0000158d       __imp_load_napi_get_undefined 000000018000258d f   node:node.exe
 0001:00001599       __imp_load_napi_get_cb_info 0000000180002599 f   node:node.exe
 0001:000015a5       __imp_load_napi_create_reference 00000001800025a5 f   node:node.exe
 0001:000015b1       __imp_load_napi_close_handle_scope 00000001800025b1 f   node:node.exe
 0001:000015bd       __imp_load_napi_create_double 00000001800025bd f   node:node.exe
 0001:000015c9       __imp_load_napi_get_reference_value 00000001800025c9 f   node:node.exe
 0001:000015d8       ??0bad_alloc@std@@QEAA@AEBV01@@Z 00000001800025d8 f i libcpmt:xthrow.obj
 0001:00001618       ??0bad_alloc@std@@QEAA@XZ  0000000180002618 f i libcpmt:xthrow.obj
 0001:00001638       ??0exception@std@@QEAA@AEBV01@@Z 0000000180002638 f i libcpmt:xthrow.obj
 0001:00001670       ??1bad_alloc@std@@UEAA@XZ  0000000180002670 f i libcpmt:xthrow.obj
 0001:00001670       ??1bad_array_new_length@std@@UEAA@XZ 0000000180002670 f i LIBCMT:throw_bad_alloc.obj
 0001:00001684       ??_Ebad_array_new_length@std@@UEAAPEAXI@Z 0000000180002684 f i LIBCMT:throw_bad_alloc.obj
 0001:00001684       ??_Eexception@std@@UEAAPEAXI@Z 0000000180002684 f i libcpmt:xthrow.obj
 0001:00001684       ??_Ebad_alloc@std@@UEAAPEAXI@Z 0000000180002684 f i libcpmt:xthrow.obj
 0001:00001684       ??_Gbad_alloc@std@@UEAAPEAXI@Z 0000000180002684 f i libcpmt:xthrow.obj
 0001:00001684       ??_Gbad_array_new_length@std@@UEAAPEAXI@Z 0000000180002684 f i LIBCMT:throw_bad_alloc.obj
 0001:00001684       ??_Gexception@std@@UEAAPEAXI@Z 0000000180002684 f i libcpmt:xthrow.obj
 0001:000016c8       ?what@exception@std@@UEBAPEBDXZ 00000001800026c8 f i libcpmt:xthrow.obj
 0001:000016f0       __security_check_cookie    00000001800026f0 f   LIBCMT:amdsecgs.obj
 0001:00001714       ??_V@YAXPEAX@Z             0000000180002714 f   LIBCMT:delete_array.obj
 0001:00001714       ??3@YAXPEAX_K@Z            0000000180002714 f   LIBCMT:delete_scalar_size.obj
 0001:0000171c       ??2@YAPEAX_K@Z             000000018000271c f   LIBCMT:new_scalar.obj
 0001:00001758       ??_U@YAPEAX_K@Z            0000000180002758 f   LIBCMT:new_array.obj
 0001:00001a90       _DllMainCRTStartup         0000000180002a90 f   LIBCMT:dll_dllmain.obj
 0001:00001ad0       ??_Gtype_info@@UEAAPEAXI@Z 0000000180002ad0 f i LIBCMT:std_type_info_static.obj
 0001:00001ad0       ??_Etype_info@@UEAAPEAXI@Z 0000000180002ad0 f i LIBCMT:std_type_info_static.obj
 0001:00001afc       __raise_securityfailure    0000000180002afc f   LIBCMT:gs_report.obj
 0001:00001b30       __report_gsfailure         0000000180002b30 f   LIBCMT:gs_report.obj
 0001:00001c04       __report_rangecheckfailure 0000000180002c04 f   LIBCMT:gs_report.obj
 0001:00001c18       __report_securityfailure   0000000180002c18 f   LIBCMT:gs_report.obj
 0001:00001d98       ??3@YAXPEAX@Z              0000000180002d98 f   LIBCMT:delete_scalar.obj
 0001:00001da0       ??0bad_array_new_length@std@@QEAA@AEBV01@@Z 0000000180002da0 f i LIBCMT:throw_bad_alloc.obj
 0001:00001de0       ??0bad_array_new_length@std@@QEAA@XZ 0000000180002de0 f i LIBCMT:throw_bad_alloc.obj
 0001:00001e00       ?__scrt_throw_std_bad_alloc@@YAXXZ 0000000180002e00 f   LIBCMT:throw_bad_alloc.obj
 0001:00001e20       ?__scrt_throw_std_bad_array_new_length@@YAXXZ 0000000180002e20 f   LIBCMT:throw_bad_alloc.obj
 0001:00001e40       __security_init_cookie     0000000180002e40 f   LIBCMT:gs_support.obj
 0001:00001eec       DllMain                    0000000180002eec f   LIBCMT:dll_dllmain_stub.obj
 0001:00001eec       _get_startup_argv_mode     0000000180002eec f   LIBCMT:argv_mode.obj
 0001:00001ef4       ?__scrt_initialize_type_info@@YAXXZ 0000000180002ef4 f   LIBCMT:tncleanup.obj
 0001:00001f04       ?__scrt_uninitialize_type_info@@YAXXZ 0000000180002f04 f   LIBCMT:tncleanup.obj
 0001:00001f10       __local_stdio_printf_options 0000000180002f10 f i LIBCMT:default_local_stdio_options.obj
 0001:00001f18       __local_stdio_scanf_options 0000000180002f18 f i LIBCMT:default_local_stdio_options.obj
 0001:00001f20       __scrt_initialize_default_local_stdio_options 0000000180002f20 f   LIBCMT:default_local_stdio_options.obj
 0001:00001f3c       __scrt_acquire_startup_lock 0000000180002f3c f   LIBCMT:utility.obj
 0001:00001f78       __scrt_dllmain_after_initialize_c 0000000180002f78 f   LIBCMT:utility.obj
 0001:00001fac       __scrt_dllmain_before_initialize_c 0000000180002fac f   LIBCMT:utility.obj
 0001:00001fc4       __scrt_dllmain_crt_thread_attach 0000000180002fc4 f   LIBCMT:utility.obj
 0001:00001fec       __scrt_dllmain_crt_thread_detach 0000000180002fec f   LIBCMT:utility.obj
 0001:00002004       __scrt_dllmain_exception_filter 0000000180003004 f   LIBCMT:utility.obj
 0001:00002064       __scrt_dllmain_uninitialize_c 0000000180003064 f   LIBCMT:utility.obj
 0001:00002094       __scrt_dllmain_uninitialize_critical 0000000180003094 f   LIBCMT:utility.obj
 0001:000020a8       __scrt_initialize_crt      00000001800030a8 f   LIBCMT:utility.obj
 0001:000020f4       __scrt_initialize_onexit_tables 00000001800030f4 f   LIBCMT:utility.obj
 0001:000021cc       __scrt_is_nonwritable_in_current_image 00000001800031cc f   LIBCMT:utility.obj
 0001:00002268       __scrt_release_startup_lock 0000000180003268 f   LIBCMT:utility.obj
 0001:0000228c       __scrt_uninitialize_crt    000000018000328c f   LIBCMT:utility.obj
 0001:000022b8       __scrt_get_dyn_tls_init_callback 00000001800032b8 f   LIBCMT:dyn_tls_init.obj
 0001:000022c0       __crt_debugger_hook        00000001800032c0 f   LIBCMT:utility_desktop.obj
 0001:000022c8       __scrt_fastfail            00000001800032c8 f   LIBCMT:utility_desktop.obj
 0001:00002414       _RTC_Initialize            0000000180003414 f   LIBCMT:initsect.obj
 0001:00002450       _RTC_Terminate             0000000180003450 f   LIBCMT:initsect.obj
 0001:0000248c       _guard_check_icall_nop     000000018000348c f i LIBCMT:guard_support.obj
 0001:00002490       __isa_available_init       0000000180003490 f   LIBCMT:cpu_disp.obj
 0001:0000264c       __scrt_is_ucrt_dll_in_use  000000018000364c f   LIBCMT:ucrt_detection.obj
 0001:00002660       __std_exception_copy       0000000180003660 f   libvcruntime:std_exception.obj
 0001:000026f0       __std_exception_destroy    00000001800036f0 f   libvcruntime:std_exception.obj
 0001:00002718       _CxxThrowException         0000000180003718 f   libvcruntime:throw.obj
 0001:000027d8       __C_specific_handler       00000001800037d8 f   libvcruntime:riscchandler.obj
 0001:000029e4       __std_type_info_destroy_list 00000001800039e4 f   libvcruntime:std_type_info.obj
 0001:00002a10       __vcrt_initialize          0000000180003a10 f   libvcruntime:initialization.obj
 0001:00002a44       __vcrt_thread_attach       0000000180003a44 f   libvcruntime:initialization.obj
 0001:00002a58       __vcrt_thread_detach       0000000180003a58 f   libvcruntime:initialization.obj
 0001:00002a6c       __vcrt_uninitialize        0000000180003a6c f   libvcruntime:initialization.obj
 0001:00002a8c       __vcrt_uninitialize_critical 0000000180003a8c f   libvcruntime:initialization.obj
 0001:00002ab0       memset_repmovs             0000000180003ab0 f   libvcruntime:memset.obj
 0001:00002ad0       memset                     0000000180003ad0 f   libvcruntime:memset.obj
 0001:00002c70       _NLG_Notify                0000000180003c70 f   libvcruntime:notify.obj
 0001:00002c90       __NLG_Dispatch2            0000000180003c90 f   libvcruntime:notify.obj
 0001:00002ca0       __NLG_Return2              0000000180003ca0 f   libvcruntime:notify.obj
 0001:00002ca4       __except_validate_context_record 0000000180003ca4 f   libvcruntime:jbcxrval.obj
 0001:00002cdc       __DestructExceptionObject  0000000180003cdc f   libvcruntime:ehhelpers.obj
 0001:00002d50       ?_CallMemberFunction0@@YAXQEAX0@Z 0000000180003d50 f i libvcruntime:ehhelpers.obj
 0001:00002d54       __vcrt_freefls             0000000180003d54 f   libvcruntime:per_thread_data.obj
 0001:00002d74       __vcrt_freeptd             0000000180003d74 f   libvcruntime:per_thread_data.obj
 0001:00002dc4       __vcrt_getptd_noexit       0000000180003dc4 f   libvcruntime:per_thread_data.obj
 0001:00002e90       __vcrt_initialize_ptd      0000000180003e90 f   libvcruntime:per_thread_data.obj
 0001:00002ee4       __vcrt_uninitialize_ptd    0000000180003ee4 f   libvcruntime:per_thread_data.obj
 0001:00002f08       __vcrt_initialize_locks    0000000180003f08 f   libvcruntime:locks.obj
 0001:00002f50       __vcrt_uninitialize_locks  0000000180003f50 f   libvcruntime:locks.obj
 0001:00003160       __vcrt_FlsAlloc            0000000180004160 f   libvcruntime:winapi_downlevel.obj
 0001:000031a8       __vcrt_FlsFree             00000001800041a8 f   libvcruntime:winapi_downlevel.obj
 0001:000031f0       __vcrt_FlsGetValue         00000001800041f0 f   libvcruntime:winapi_downlevel.obj
 0001:00003238       __vcrt_FlsSetValue         0000000180004238 f   libvcruntime:winapi_downlevel.obj
 0001:0000328c       __vcrt_InitializeCriticalSectionEx 000000018000428c f   libvcruntime:winapi_downlevel.obj
 0001:000032f0       __vcrt_initialize_winapi_thunks 00000001800042f0 f   libvcruntime:winapi_downlevel.obj
 0001:00003320       __vcrt_uninitialize_winapi_thunks 0000000180004320 f   libvcruntime:winapi_downlevel.obj
 0001:00003360       __vcrt_initialize_pure_virtual_call_handler 0000000180004360 f   libvcruntime:purevirt_data.obj
 0001:00003380       memcpy_repmovs             0000000180004380 f   libvcruntime:memcpy.obj
 0001:000033a0       memcpy                     00000001800043a0 f   libvcruntime:memcpy.obj
 0001:000033a0       memmove                    00000001800043a0 f   libvcruntime:memcpy.obj
 0001:000037f0       _CallSettingFrame          00000001800047f0 f   libvcruntime:handlers.obj
 0001:00003840       _CallSettingFrameEncoded   0000000180004840 f   libvcruntime:handlers.obj
 0001:00003888       __acrt_call_reportfault    0000000180004888 f   libucrt:invalid_parameter.obj
 0001:000039e4       __acrt_initialize_invalid_parameter_handler 00000001800049e4 f   libucrt:invalid_parameter.obj
 0001:000039ec       _invalid_parameter         00000001800049ec f   libucrt:invalid_parameter.obj
 0001:00003a9c       _invalid_parameter_noinfo  0000000180004a9c f   libucrt:invalid_parameter.obj
 0001:00003abc       _invalid_parameter_noinfo_noreturn 0000000180004abc f   libucrt:invalid_parameter.obj
 0001:00003aec       _invoke_watson             0000000180004aec f   libucrt:invalid_parameter.obj
 0001:00003b34       ??0_LocaleUpdate@@QEAA@QEAU__crt_locale_pointers@@@Z 0000000180004b34 f i libucrt:stricmp.obj
 0001:00003bd0       __ascii_stricmp            0000000180004bd0 f   libucrt:stricmp.obj
 0001:00003c10       _stricmp                   0000000180004c10 f   libucrt:stricmp.obj
 0001:00003c58       _stricmp_l                 0000000180004c58 f   libucrt:stricmp.obj
 0001:00003d0c       __acrt_initialize_new_handler 0000000180004d0c f   libucrt:new_handler.obj
 0001:00003d14       _callnewh                  0000000180004d14 f   libucrt:new_handler.obj
 0001:00003d44       _query_new_handler         0000000180004d44 f   libucrt:new_handler.obj
 0001:00003d78       malloc                     0000000180004d78 f   libucrt:malloc.obj
 0001:00003d80       _initterm                  0000000180004d80 f   libucrt:initterm.obj
 0001:00003de4       _initterm_e                0000000180004de4 f   libucrt:initterm.obj
 0001:00003e24       free                       0000000180004e24 f   libucrt:free.obj
 0001:00003e38       _seh_filter_dll            0000000180004e38 f   libucrt:exception_filter.obj
 0001:00003e4c       _seh_filter_exe            0000000180004e4c f   libucrt:exception_filter.obj
 0001:0000423c       __acrt_initialize_thread_local_exit_callback 000000018000523c f   libucrt:exit.obj
 0001:00004244       _cexit                     0000000180005244 f   libucrt:exit.obj
 0001:00004254       _exit                      0000000180005254 f   libucrt:exit.obj
 0001:00004260       _is_c_termination_complete 0000000180005260 f   libucrt:exit.obj
 0001:0000442c       __acrt_allocate_buffer_for_argv 000000018000542c f   libucrt:argv_parsing.obj
 0001:0000448c       _configure_narrow_argv     000000018000548c f   libucrt:argv_parsing.obj
 0001:00004804       __dcrt_uninitialize_environments_nolock 0000000180005804 f   libucrt:environment_initialization.obj
 0001:0000483c       _initialize_narrow_environment 000000018000583c f   libucrt:environment_initialization.obj
 0001:00004998       _execute_onexit_table      0000000180005998 f   libucrt:onexit.obj
 0001:000049d4       _initialize_onexit_table   00000001800059d4 f   libucrt:onexit.obj
 0001:00004a34       __acrt_uninitialize_command_line 0000000180005a34 f   libucrt:argv_data.obj
 0001:00004b2c       __acrt_initialize          0000000180005b2c f   libucrt:initialization.obj
 0001:00004b40       __acrt_thread_attach       0000000180005b40 f   libucrt:initialization.obj
 0001:00004b54       __acrt_thread_detach       0000000180005b54 f   libucrt:initialization.obj
 0001:00004b64       __acrt_uninitialize        0000000180005b64 f   libucrt:initialization.obj
 0001:00004b9c       __acrt_uninitialize_critical 0000000180005b9c f   libucrt:initialization.obj
 0001:00004bac       terminate                  0000000180005bac f   libucrt:terminate.obj
 0001:00004bcc       strcpy_s                   0000000180005bcc f   libucrt:strcpy_s.obj
 0001:00004c40       strncmp                    0000000180005c40 f   libucrt:strncmp.obj
 0001:00004cc0       abort                      0000000180005cc0 f   libucrt:abort.obj
 0001:00004d18       calloc                     0000000180005d18 f   libucrt:calloc.obj
 0001:00004d20       wcsncmp                    0000000180005d20 f   libucrt:wcsncmp.obj
 0001:000050c4       __acrt_freeptd             00000001800060c4 f   libucrt:per_thread_data.obj
 0001:00005108       __acrt_getptd              0000000180006108 f   libucrt:per_thread_data.obj
 0001:000051dc       __acrt_getptd_head         00000001800061dc f   libucrt:per_thread_data.obj
 0001:00005284       __acrt_getptd_noexit       0000000180006284 f   libucrt:per_thread_data.obj
 0001:00005350       __acrt_initialize_ptd      0000000180006350 f   libucrt:per_thread_data.obj
 0001:0000538c       __acrt_uninitialize_ptd    000000018000638c f   libucrt:per_thread_data.obj
 0001:00005410       _tolower_l                 0000000180006410 f   libucrt:tolower_toupper.obj
 0001:00005550       __acrt_errno_from_os_error 0000000180006550 f   libucrt:errno.obj
 0001:00005598       __acrt_errno_map_os_error  0000000180006598 f   libucrt:errno.obj
 0001:000055e8       __doserrno                 00000001800065e8 f   libucrt:errno.obj
 0001:00005608       _errno                     0000000180006608 f   libucrt:errno.obj
 0001:00005628       __acrt_update_locale_info  0000000180006628 f   libucrt:locale_update.obj
 0001:0000565c       __acrt_update_multibyte_info 000000018000665c f   libucrt:locale_update.obj
 0001:00005700       __acrt_set_locale_changed  0000000180006700 f   libucrt:wsetlocale.obj
 0001:0000570c       __acrt_uninitialize_locale 000000018000670c f   libucrt:wsetlocale.obj
 0001:0000573c       __acrt_initialize_locks    000000018000673c f   libucrt:locks.obj
 0001:00005784       __acrt_lock                0000000180006784 f   libucrt:locks.obj
 0001:000057a0       __acrt_uninitialize_locks  00000001800067a0 f   libucrt:locks.obj
 0001:000057d8       __acrt_unlock              00000001800067d8 f   libucrt:locks.obj
 0001:000057f4       _malloc_base               00000001800067f4 f   libucrt:malloc_base.obj
 0001:00005854       _free_base                 0000000180006854 f   libucrt:free_base.obj
 0001:00005894       __acrt_get_process_end_policy 0000000180006894 f   libucrt:win_policies.obj
 0001:000058d0       _calloc_base               00000001800068d0 f   libucrt:calloc_base.obj
 0001:0000595c       ??$__acrt_mbs_to_wcs_cp@U__crt_win32_buffer_internal_dynamic_resizing@@@@YAHQEBDAEAV?$__crt_win32_buffer@_WU__crt_win32_buffer_internal_dynamic_resizing@@@@I@Z 000000018000695c f i libucrt:argv_wildcards.obj
 0001:00005ad4       ??$__acrt_wcs_to_mbs_cp@U__crt_win32_buffer_internal_dynamic_resizing@@@@YAHQEB_WAEAV?$__crt_win32_buffer@DU__crt_win32_buffer_internal_dynamic_resizing@@@@I@Z 0000000180006ad4 f i libucrt:argv_wildcards.obj
 0001:00006304       __acrt_expand_narrow_argv_wildcards 0000000180007304 f   libucrt:argv_wildcards.obj
 0001:0000630c       ??$__acrt_wcs_to_mbs_cp@U__crt_win32_buffer_no_resizing@@@@YAHQEB_WAEAV?$__crt_win32_buffer@DU__crt_win32_buffer_no_resizing@@@@I@Z 000000018000730c f i libucrt:getmodulefilenamea.obj
 0001:00006420       __acrt_GetModuleFileNameA  0000000180007420 f   libucrt:getmodulefilenamea.obj
 0001:00006c6c       __acrt_initialize_multibyte 0000000180007c6c f   libucrt:mbctype.obj
 0001:00006ccc       __acrt_update_thread_multibyte_data 0000000180007ccc f   libucrt:mbctype.obj
 0001:00006ce8       _setmbcp_nolock            0000000180007ce8 f   libucrt:mbctype.obj
 0001:0000701c       _ismbblead                 000000018000801c f   libucrt:ismbbyte.obj
 0001:00007030       __acrt_initialize_command_line 0000000180008030 f   libucrt:argv_data.obj
 0001:00007058       __acrt_MultiByteToWideChar 0000000180008058 f   libucrt:multibytetowidechar.obj
 0001:000070b4       __acrt_WideCharToMultiByte 00000001800080b4 f   libucrt:widechartomultibyte.obj
 0001:0000714c       __dcrt_get_narrow_environment_from_os 000000018000814c f   libucrt:get_environment_from_os.obj
 0001:00007250       _recalloc_base             0000000180008250 f   libucrt:recalloc.obj
 0001:000074c0       __acrt_AppPolicyGetProcessTerminationMethodInternal 00000001800084c0 f   libucrt:winapi_thunks.obj
 0001:00007510       __acrt_AreFileApisANSI     0000000180008510 f   libucrt:winapi_thunks.obj
 0001:0000754c       __acrt_FlsAlloc            000000018000854c f   libucrt:winapi_thunks.obj
 0001:00007594       __acrt_FlsFree             0000000180008594 f   libucrt:winapi_thunks.obj
 0001:000075dc       __acrt_FlsGetValue         00000001800085dc f   libucrt:winapi_thunks.obj
 0001:00007624       __acrt_FlsSetValue         0000000180008624 f   libucrt:winapi_thunks.obj
 0001:00007678       __acrt_InitializeCriticalSectionEx 0000000180008678 f   libucrt:winapi_thunks.obj
 0001:000076dc       __acrt_LCMapStringEx       00000001800086dc f   libucrt:winapi_thunks.obj
 0001:000077b8       __acrt_LocaleNameToLCID    00000001800087b8 f   libucrt:winapi_thunks.obj
 0001:00007808       __acrt_initialize_winapi_thunks 0000000180008808 f   libucrt:winapi_thunks.obj
 0001:0000783c       __acrt_uninitialize_winapi_thunks 000000018000883c f   libucrt:winapi_thunks.obj
 0001:00007880       __acrt_initialize_heap     0000000180008880 f   libucrt:heap_handle.obj
 0001:0000789c       __acrt_uninitialize_heap   000000018000889c f   libucrt:heap_handle.obj
 0001:00007aa4       __acrt_initialize_lowio    0000000180008aa4 f   libucrt:ioinit.obj
 0001:00007ae0       __acrt_uninitialize_lowio  0000000180008ae0 f   libucrt:ioinit.obj
 0001:00007b20       __acrt_execute_initializers 0000000180008b20 f   libucrt:shared_initialization.obj
 0001:00007ba0       __acrt_execute_uninitializers 0000000180008ba0 f   libucrt:shared_initialization.obj
 0001:00007c24       __acrt_get_sigabrt_handler 0000000180008c24 f   libucrt:signal.obj
 0001:00007c54       __acrt_initialize_signal_handlers 0000000180008c54 f   libucrt:signal.obj
 0001:00007c74       raise                      0000000180008c74 f   libucrt:signal.obj
 0001:00007ee0       __acrt_has_user_matherr    0000000180008ee0 f   libucrt:matherr.obj
 0001:00007f00       __acrt_initialize_user_matherr 0000000180008f00 f   libucrt:matherr.obj
 0001:00007f08       __acrt_invoke_user_matherr 0000000180008f08 f   libucrt:matherr.obj
 0001:00008114       __acrt_stdio_flush_nolock  0000000180009114 f   libucrt:fflush.obj
 0001:00008190       _fflush_nolock             0000000180009190 f   libucrt:fflush.obj
 0001:000081dc       _flushall                  00000001800091dc f   libucrt:fflush.obj
 0001:000081e4       __acrt_initialize_stdio    00000001800091e4 f   libucrt:_file.obj
 0001:00008304       __acrt_uninitialize_stdio  0000000180009304 f   libucrt:_file.obj
 0001:00008360       _lock_file                 0000000180009360 f   libucrt:_file.obj
 0001:0000836c       _unlock_file               000000018000936c f   libucrt:_file.obj
 0001:00008378       _mbtowc_l                  0000000180009378 f   libucrt:mbtowc.obj
 0001:000084f4       mbtowc                     00000001800094f4 f   libucrt:mbtowc.obj
 0001:000084fc       _fileno                    00000001800094fc f   libucrt:fileno.obj
 0001:00008524       __pctype_func              0000000180009524 f   libucrt:ctype.obj
 0001:00008554       _isctype_l                 0000000180009554 f   libucrt:isctype.obj
 0001:00008664       __acrt_add_locale_ref      0000000180009664 f   libucrt:locale_refcounting.obj
 0001:000086f0       __acrt_free_locale         00000001800096f0 f   libucrt:locale_refcounting.obj
 0001:00008868       __acrt_locale_add_lc_time_reference 0000000180009868 f   libucrt:locale_refcounting.obj
 0001:00008890       __acrt_locale_free_lc_time_if_unreferenced 0000000180009890 f   libucrt:locale_refcounting.obj
 0001:000088c8       __acrt_locale_release_lc_time_reference 00000001800098c8 f   libucrt:locale_refcounting.obj
 0001:000088f0       __acrt_release_locale_ref  00000001800098f0 f   libucrt:locale_refcounting.obj
 0001:00008998       __acrt_update_thread_locale_data 0000000180009998 f   libucrt:locale_refcounting.obj
 0001:00008a08       _updatetlocinfoEx_nolock   0000000180009a08 f   libucrt:locale_refcounting.obj
 0001:00008a70       _isleadbyte_l              0000000180009a70 f i libucrt:_wctype.obj
 0001:00008dd4       __acrt_LCMapStringA        0000000180009dd4 f   libucrt:lcmapstringa.obj
 0001:00008e6c       __acrt_locale_free_monetary 0000000180009e6c f   libucrt:initmon.obj
 0001:00008f78       __acrt_locale_free_numeric 0000000180009f78 f   libucrt:initnum.obj
 0001:0000903c       __acrt_locale_free_time    000000018000a03c f   libucrt:inittime.obj
 0001:00009144       __acrt_GetStringTypeA      000000018000a144 f   libucrt:getstringtypea.obj
 0001:000092d4       _query_new_mode            000000018000a2d4 f   libucrt:new_mode.obj
 0001:000092e0       qsort                      000000018000a2e0 f   libucrt:qsort.obj
 0001:000096a0       strncpy_s                  000000018000a6a0 f   libucrt:strncpy_s.obj
 0001:00009820       strpbrk                    000000018000a820 f   libucrt:strpbrk.obj
 0001:00009c00       _mbsdec                    000000018000ac00 f   libucrt:mbsdec.obj
 0001:00009c08       _mbsdec_l                  000000018000ac08 f   libucrt:mbsdec.obj
 0001:00009cb4       _msize_base                000000018000acb4 f   libucrt:msize.obj
 0001:00009cf0       _realloc_base              000000018000acf0 f   libucrt:realloc_base.obj
 0001:00009e54       __acrt_DownlevelLocaleNameToLCID 000000018000ae54 f   libucrt:lcidtoname_downlevel.obj
 0001:00009e88       __acrt_lowio_create_handle_array 000000018000ae88 f   libucrt:osfinfo.obj
 0001:00009f30       __acrt_lowio_destroy_handle_array 000000018000af30 f   libucrt:osfinfo.obj
 0001:00009f80       __acrt_lowio_ensure_fh_exists 000000018000af80 f   libucrt:osfinfo.obj
 0001:0000a028       __acrt_lowio_lock_fh       000000018000b028 f   libucrt:osfinfo.obj
 0001:0000a050       __acrt_lowio_unlock_fh     000000018000b050 f   libucrt:osfinfo.obj
 0001:0000a078       _free_osfhnd               000000018000b078 f   libucrt:osfinfo.obj
 0001:0000a134       _get_osfhandle             000000018000b134 f   libucrt:osfinfo.obj
 0001:0000a238       _commit                    000000018000b238 f   libucrt:commit.obj
 0001:0000ab38       _write                     000000018000bb38 f   libucrt:write.obj
 0001:0000ac24       _write_nolock              000000018000bc24 f   libucrt:write.obj
 0001:0000af00       _fcloseall                 000000018000bf00 f   libucrt:closeall.obj
 0001:0000afb4       __acrt_stdio_free_buffer_nolock 000000018000bfb4 f   libucrt:_freebuf.obj
 0001:0000aff4       _isatty                    000000018000bff4 f   libucrt:isatty.obj
 0001:0000b054       ?__mbrtowc_utf8@__crt_mbstring@@YA_KPEA_WPEBD_KPEAU_Mbstatet@@@Z 000000018000c054 f   libucrt:mbrtowc.obj
 0001:0000b090       ?__mbsrtowcs_utf8@__crt_mbstring@@YA_KPEA_WPEAPEBD_KPEAU_Mbstatet@@@Z 000000018000c090 f   libucrt:mbrtowc.obj
 0001:0000b208       __strncnt                  000000018000c208 f   libucrt:strncnt.obj
 0001:0000b220       _query_app_type            000000018000c220 f   libucrt:report_runtime_error.obj
 0001:0000b2c4       _lseeki64_nolock           000000018000c2c4 f   libucrt:lseek.obj
 0001:0000b2cc       _putwch_nolock             000000018000c2cc f   libucrt:putwch.obj
 0001:0000b308       _fclose_nolock             000000018000c308 f   libucrt:fclose.obj
 0001:0000b38c       fclose                     000000018000c38c f   libucrt:fclose.obj
 0001:0000b3f0       ?__mbrtoc32_utf8@__crt_mbstring@@YA_KPEA_UPEBD_KPEAU_Mbstatet@@@Z 000000018000c3f0 f   libucrt:mbrtoc32.obj
 0001:0000b5d0       log10                      000000018000c5d0 f   libucrt:log10.obj
 0001:0000bb7c       __dcrt_lowio_ensure_console_output_initialized 000000018000cb7c f   libucrt:initcon.obj
 0001:0000bbd0       __dcrt_terminate_console_output 000000018000cbd0 f   libucrt:initcon.obj
 0001:0000bbec       __dcrt_write_console       000000018000cbec f   libucrt:initcon.obj
 0001:0000bd20       _close                     000000018000cd20 f   libucrt:close.obj
 0001:0000bdc4       _close_nolock              000000018000cdc4 f   libucrt:close.obj
 0001:0000be84       ?__acrt_stdio_free_stream@@YAXV__crt_stdio_stream@@@Z 000000018000ce84 f   libucrt:stream.obj
 0001:0000bfc4       _handle_error              000000018000cfc4 f   libucrt:libm_error.obj
 0001:0000c0f0       __acrt_initialize_fma3     000000018000d0f0 f   libucrt:fma3_available.obj
 0001:0000c160       _log10_special             000000018000d160 f   libucrt:log_special.obj
 0001:0000c230       _get_fpsr                  000000018000d230 f   libucrt:fpsr.obj
 0001:0000c240       _set_fpsr                  000000018000d240 f   libucrt:fpsr.obj
 0001:0000c24a       _fclrf                     000000018000d24a f   libucrt:fpsr.obj
 0001:0000c25e       _frnd                      000000018000d25e f   libucrt:fpsr.obj
 0001:0000c280       _raise_exc                 000000018000d280 f   libucrt:fpexcept.obj
 0001:0000c2a8       _raise_exc_ex              000000018000d2a8 f   libucrt:fpexcept.obj
 0001:0000c5b8       _set_errno_from_matherr    000000018000d5b8 f   libucrt:fpexcept.obj
 0001:0000c5e8       _clrfp                     000000018000d5e8 f   libucrt:fpctrl.obj
 0001:0000c608       _ctrlfp                    000000018000d608 f   libucrt:fpctrl.obj
 0001:0000c684       _set_statfp                000000018000d684 f   libucrt:fpctrl.obj
 0001:0000c6a4       _statfp                    000000018000d6a4 f   libucrt:fpctrl.obj
 0001:0000c6b5       IsProcessorFeaturePresent  000000018000d6b5 f   kernel32:KERNEL32.dll
 0001:0000c6bc       ?DloadAcquireSectionWriteAccess@@YAXXZ 000000018000d6bc f i DelayImp:delayhlp.obj
 0001:0000c768       ?DloadGetSRWLockFunctionPointers@@YAEXZ 000000018000d768 f i DelayImp:delayhlp.obj
 0001:0000c804       ?DloadMakePermanentImageCommit@@YAXPEAX_K@Z 000000018000d804 f i DelayImp:delayhlp.obj
 0001:0000c89c       ?DloadObtainSection@@YAPEAXPEAK0@Z 000000018000d89c f i DelayImp:delayhlp.obj
 0001:0000c938       ?DloadProtectSection@@YAXKPEAK@Z 000000018000d938 f i DelayImp:delayhlp.obj
 0001:0000c9c8       ?DloadReleaseSectionWriteAccess@@YAXXZ 000000018000d9c8 f i DelayImp:delayhlp.obj
 0001:0000ca5c       __delayLoadHelper2         000000018000da5c f   DelayImp:delayhlp.obj
 0001:0000cd20       _FindPESection             000000018000dd20 f   LIBCMT:pesect.obj
 0001:0000cd70       _IsNonwritableInCurrentImage 000000018000dd70 f   LIBCMT:pesect.obj
 0001:0000cdc0       _ValidateImageBase         000000018000ddc0 f   LIBCMT:pesect.obj
 0001:0000cdf0       __GSHandlerCheck           000000018000ddf0 f   LIBCMT:gshandler.obj
 0001:0000ce10       __GSHandlerCheckCommon     000000018000de10 f   LIBCMT:gshandler.obj
 0001:0000ce80       _alloca_probe              000000018000de80 f   LIBCMT:chkstk.obj
 0001:0000ce80       __chkstk                   000000018000de80 f   LIBCMT:chkstk.obj
 0001:0000cef0       memcmp                     000000018000def0 f   libvcruntime:memcmp.obj
 0001:0000cfd0       _guard_dispatch_icall_nop  000000018000dfd0 f   LIBCMT:guard_dispatch.obj
 0002:00000000       __imp_GetModuleHandleA     000000018000f000     kernel32:KERNEL32.dll
 0002:00000008       __imp_LoadLibraryExA       000000018000f008     kernel32:KERNEL32.dll
 0002:00000010       __imp_RtlCaptureContext    000000018000f010     kernel32:KERNEL32.dll
 0002:00000018       __imp_RtlLookupFunctionEntry 000000018000f018     kernel32:KERNEL32.dll
 0002:00000020       __imp_RtlVirtualUnwind     000000018000f020     kernel32:KERNEL32.dll
 0002:00000028       __imp_UnhandledExceptionFilter 000000018000f028     kernel32:KERNEL32.dll
 0002:00000030       __imp_SetUnhandledExceptionFilter 000000018000f030     kernel32:KERNEL32.dll
 0002:00000038       __imp_GetCurrentProcess    000000018000f038     kernel32:KERNEL32.dll
 0002:00000040       __imp_TerminateProcess     000000018000f040     kernel32:KERNEL32.dll
 0002:00000048       __imp_IsProcessorFeaturePresent 000000018000f048     kernel32:KERNEL32.dll
 0002:00000050       __imp_QueryPerformanceCounter 000000018000f050     kernel32:KERNEL32.dll
 0002:00000058       __imp_GetCurrentProcessId  000000018000f058     kernel32:KERNEL32.dll
 0002:00000060       __imp_GetCurrentThreadId   000000018000f060     kernel32:KERNEL32.dll
 0002:00000068       __imp_GetSystemTimeAsFileTime 000000018000f068     kernel32:KERNEL32.dll
 0002:00000070       __imp_InitializeSListHead  000000018000f070     kernel32:KERNEL32.dll
 0002:00000078       __imp_IsDebuggerPresent    000000018000f078     kernel32:KERNEL32.dll
 0002:00000080       __imp_GetStartupInfoW      000000018000f080     kernel32:KERNEL32.dll
 0002:00000088       __imp_GetModuleHandleW     000000018000f088     kernel32:KERNEL32.dll
 0002:00000090       __imp_RtlPcToFileHeader    000000018000f090     kernel32:KERNEL32.dll
 0002:00000098       __imp_RaiseException       000000018000f098     kernel32:KERNEL32.dll
 0002:000000a0       __imp_RtlUnwindEx          000000018000f0a0     kernel32:KERNEL32.dll
 0002:000000a8       __imp_InterlockedFlushSList 000000018000f0a8     kernel32:KERNEL32.dll
 0002:000000b0       __imp_GetLastError         000000018000f0b0     kernel32:KERNEL32.dll
 0002:000000b8       __imp_SetLastError         000000018000f0b8     kernel32:KERNEL32.dll
 0002:000000c0       __imp_EnterCriticalSection 000000018000f0c0     kernel32:KERNEL32.dll
 0002:000000c8       __imp_LeaveCriticalSection 000000018000f0c8     kernel32:KERNEL32.dll
 0002:000000d0       __imp_DeleteCriticalSection 000000018000f0d0     kernel32:KERNEL32.dll
 0002:000000d8       __imp_InitializeCriticalSectionAndSpinCount 000000018000f0d8     kernel32:KERNEL32.dll
 0002:000000e0       __imp_TlsAlloc             000000018000f0e0     kernel32:KERNEL32.dll
 0002:000000e8       __imp_TlsGetValue          000000018000f0e8     kernel32:KERNEL32.dll
 0002:000000f0       __imp_TlsSetValue          000000018000f0f0     kernel32:KERNEL32.dll
 0002:000000f8       __imp_TlsFree              000000018000f0f8     kernel32:KERNEL32.dll
 0002:00000100       __imp_FreeLibrary          000000018000f100     kernel32:KERNEL32.dll
 0002:00000108       __imp_GetProcAddress       000000018000f108     kernel32:KERNEL32.dll
 0002:00000110       __imp_LoadLibraryExW       000000018000f110     kernel32:KERNEL32.dll
 0002:00000118       __imp_ExitProcess          000000018000f118     kernel32:KERNEL32.dll
 0002:00000120       __imp_GetModuleHandleExW   000000018000f120     kernel32:KERNEL32.dll
 0002:00000128       __imp_GetModuleFileNameW   000000018000f128     kernel32:KERNEL32.dll
 0002:00000130       __imp_HeapAlloc            000000018000f130     kernel32:KERNEL32.dll
 0002:00000138       __imp_HeapFree             000000018000f138     kernel32:KERNEL32.dll
 0002:00000140       __imp_FindClose            000000018000f140     kernel32:KERNEL32.dll
 0002:00000148       __imp_FindFirstFileExW     000000018000f148     kernel32:KERNEL32.dll
 0002:00000150       __imp_FindNextFileW        000000018000f150     kernel32:KERNEL32.dll
 0002:00000158       __imp_IsValidCodePage      000000018000f158     kernel32:KERNEL32.dll
 0002:00000160       __imp_GetACP               000000018000f160     kernel32:KERNEL32.dll
 0002:00000168       __imp_GetOEMCP             000000018000f168     kernel32:KERNEL32.dll
 0002:00000170       __imp_GetCPInfo            000000018000f170     kernel32:KERNEL32.dll
 0002:00000178       __imp_GetCommandLineA      000000018000f178     kernel32:KERNEL32.dll
 0002:00000180       __imp_GetCommandLineW      000000018000f180     kernel32:KERNEL32.dll
 0002:00000188       __imp_MultiByteToWideChar  000000018000f188     kernel32:KERNEL32.dll
 0002:00000190       __imp_WideCharToMultiByte  000000018000f190     kernel32:KERNEL32.dll
 0002:00000198       __imp_GetEnvironmentStringsW 000000018000f198     kernel32:KERNEL32.dll
 0002:000001a0       __imp_FreeEnvironmentStringsW 000000018000f1a0     kernel32:KERNEL32.dll
 0002:000001a8       __imp_LCMapStringW         000000018000f1a8     kernel32:KERNEL32.dll
 0002:000001b0       __imp_GetProcessHeap       000000018000f1b0     kernel32:KERNEL32.dll
 0002:000001b8       __imp_GetStdHandle         000000018000f1b8     kernel32:KERNEL32.dll
 0002:000001c0       __imp_GetFileType          000000018000f1c0     kernel32:KERNEL32.dll
 0002:000001c8       __imp_GetStringTypeW       000000018000f1c8     kernel32:KERNEL32.dll
 0002:000001d0       __imp_HeapSize             000000018000f1d0     kernel32:KERNEL32.dll
 0002:000001d8       __imp_HeapReAlloc          000000018000f1d8     kernel32:KERNEL32.dll
 0002:000001e0       __imp_SetStdHandle         000000018000f1e0     kernel32:KERNEL32.dll
 0002:000001e8       __imp_FlushFileBuffers     000000018000f1e8     kernel32:KERNEL32.dll
 0002:000001f0       __imp_WriteFile            000000018000f1f0     kernel32:KERNEL32.dll
 0002:000001f8       __imp_GetConsoleCP         000000018000f1f8     kernel32:KERNEL32.dll
 0002:00000200       __imp_GetConsoleMode       000000018000f200     kernel32:KERNEL32.dll
 0002:00000208       __imp_SetFilePointerEx     000000018000f208     kernel32:KERNEL32.dll
 0002:00000210       __imp_CreateFileW          000000018000f210     kernel32:KERNEL32.dll
 0002:00000218       __imp_CloseHandle          000000018000f218     kernel32:KERNEL32.dll
 0002:00000220       __imp_WriteConsoleW        000000018000f220     kernel32:KERNEL32.dll
 0002:00000228       __imp_GetSystemInfo        000000018000f228     kernel32:KERNEL32.dll
 0002:00000230       __imp_VirtualProtect       000000018000f230     kernel32:KERNEL32.dll
 0002:00000238       __imp_VirtualQuery         000000018000f238     kernel32:KERNEL32.dll
 0002:00000240       \177KERNEL32_NULL_THUNK_DATA 000000018000f240     kernel32:KERNEL32.dll
 0002:00000248       __guard_check_icall_fptr   000000018000f248     LIBCMT:guard_support.obj
 0002:00000250       __guard_dispatch_icall_fptr 000000018000f250     LIBCMT:guard_support.obj
 0002:00000258       __xc_a                     000000018000f258     LIBCMT:initializers.obj
 0002:00000260       _register_testaddon_       000000018000f260     main.obj
 0002:00000268       __xc_z                     000000018000f268     LIBCMT:initializers.obj
 0002:00000270       __xi_a                     000000018000f270     LIBCMT:initializers.obj
 0002:00000278       __acrt_multibyte_initializer 000000018000f278     libucrt:multibyte_initializer.obj
 0002:00000280       __acrt_stdio_initializer   000000018000f280     libucrt:stdio_initializer.obj
 0002:00000288       __acrt_tran_fma3_initializer 000000018000f288     libucrt:fma3_initializer.obj
 0002:00000290       __xi_z                     000000018000f290     LIBCMT:initializers.obj
 0002:00000298       __xp_a                     000000018000f298     LIBCMT:initializers.obj
 0002:000002a0       __acrt_locale_terminator   000000018000f2a0     libucrt:locale_initializer.obj
 0002:000002a8       __dcrt_console_output_terminator 000000018000f2a8     libucrt:console_output_initializer.obj
 0002:000002b0       __acrt_stdio_terminator    000000018000f2b0     libucrt:stdio_initializer.obj
 0002:000002b8       __xp_z                     000000018000f2b8     LIBCMT:initializers.obj
 0002:000002c0       __xt_a                     000000018000f2c0     LIBCMT:initializers.obj
 0002:000002c8       __xt_z                     000000018000f2c8     LIBCMT:initializers.obj
 0002:000002d0       __sz_node_exe              000000018000f2d0     node:node.exe
 0002:000002e8       ??_7exception@std@@6B@     000000018000f2e8     libcpmt:xthrow.obj
 0002:000002f8       ??_C@_0BC@EOODALEL@Unknown?5exception@ 000000018000f2f8     libcpmt:xthrow.obj
 0002:00000318       ??_7bad_alloc@std@@6B@     000000018000f318     libcpmt:xthrow.obj
 0002:00000328       ??_C@_0P@GHFPNOJB@bad?5allocation@ 000000018000f328     libcpmt:xthrow.obj
 0002:00000338       _pRawDllMain               000000018000f338     LIBCMT:dll_dllmain.obj
 0002:00000338       _pDefaultRawDllMain        000000018000f338     LIBCMT:dll_dllmain.obj
 0002:00000348       ??_7type_info@@6B@         000000018000f348     LIBCMT:std_type_info_static.obj
 0002:00000368       ??_7bad_array_new_length@std@@6B@ 000000018000f368     LIBCMT:throw_bad_alloc.obj
 0002:00000378       ??_C@_0BF@KINCDENJ@bad?5array?5new?5length@ 000000018000f378     LIBCMT:throw_bad_alloc.obj
 0002:000003d0       _pDestructExceptionObject  000000018000f3d0     libvcruntime:ehhelpers.obj
 0002:00000718       ??_C@_08EHJDFFNH@__based?$CI@ 000000018000f718     libvcruntime:undname.obj
 0002:00000728       ??_C@_07KOLFKCDI@__cdecl@  000000018000f728     libvcruntime:undname.obj
 0002:00000730       ??_C@_08GHMPAG@__pascal@   000000018000f730     libvcruntime:undname.obj
 0002:00000740       ??_C@_09IFJBGAPI@__stdcall@ 000000018000f740     libvcruntime:undname.obj
 0002:00000750       ??_C@_0L@NPHFGOKO@__thiscall@ 000000018000f750     libvcruntime:undname.obj
 0002:00000760       ??_C@_0L@JMKHOMEK@__fastcall@ 000000018000f760     libvcruntime:undname.obj
 0002:00000770       ??_C@_0N@BCKKPABJ@__vectorcall@ 000000018000f770     libvcruntime:undname.obj
 0002:00000780       ??_C@_09HIJEGCPM@__clrcall@ 000000018000f780     libvcruntime:undname.obj
 0002:0000078c       ??_C@_06GHPCKEAG@__eabi@   000000018000f78c     libvcruntime:undname.obj
 0002:00000798       ??_C@_09IOPIDJLG@__swift_1@ 000000018000f798     libvcruntime:undname.obj
 0002:000007a8       ??_C@_09KFNFGKHF@__swift_2@ 000000018000f7a8     libvcruntime:undname.obj
 0002:000007b8       ??_C@_07JOMMBBKO@__ptr64@  000000018000f7b8     libvcruntime:undname.obj
 0002:000007c0       ??_C@_0L@PILCLIHE@__restrict@ 000000018000f7c0     libvcruntime:undname.obj
 0002:000007d0       ??_C@_0M@GFIIJFMG@__unaligned@ 000000018000f7d0     libvcruntime:undname.obj
 0002:000007e0       ??_C@_09DHDLOLLB@restrict?$CI@ 000000018000f7e0     libvcruntime:undname.obj
 0002:000007ea       ??_C@_00CNPNBAHC@@         000000018000f7ea     libvcruntime:undname.obj
 0002:000007ec       ??_C@_04NIHEBCM@?5new@     000000018000f7ec     libvcruntime:undname.obj
 0002:000007f8       ??_C@_07FPCDHGMM@?5delete@ 000000018000f7f8     libvcruntime:undname.obj
 0002:00000800       ??_C@_01NEMOKFLO@?$DN@     000000018000f800     libvcruntime:undname.obj
 0002:00000804       ??_C@_02GPIOPFAK@?$DO?$DO@ 000000018000f804     libvcruntime:undname.obj
 0002:00000808       ??_C@_02FODMEDOG@?$DM?$DM@ 000000018000f808     libvcruntime:undname.obj
 0002:0000080c       ??_C@_01DCLJPIOD@?$CB@     000000018000f80c     libvcruntime:undname.obj
 0002:00000810       ??_C@_02EGOFBIJA@?$DN?$DN@ 000000018000f810     libvcruntime:undname.obj
 0002:00000814       ??_C@_02FDNJECIE@?$CB?$DN@ 000000018000f814     libvcruntime:undname.obj
 0002:00000818       ??_C@_02GPECMEKF@?$FL?$FN@ 000000018000f818     libvcruntime:undname.obj
 0002:00000820       ??_C@_08LHJFAFGD@operator@ 000000018000f820     libvcruntime:undname.obj
 0002:0000082c       ??_C@_02HBOOOICD@?9?$DO@   000000018000f82c     libvcruntime:undname.obj
 0002:00000830       ??_C@_01NBENCBCI@?$CK@     000000018000f830     libvcruntime:undname.obj
 0002:00000834       ??_C@_02ECNGHCIF@?$CL?$CL@ 000000018000f834     libvcruntime:undname.obj
 0002:00000838       ??_C@_02BAABKJLB@?9?9@     000000018000f838     libvcruntime:undname.obj
 0002:0000083c       ??_C@_01JOAMLHOP@?9@       000000018000f83c     libvcruntime:undname.obj
 0002:00000840       ??_C@_01MIFGBAGJ@?$CL@     000000018000f840     libvcruntime:undname.obj
 0002:00000844       ??_C@_01HNPIGOCE@?$CG@     000000018000f844     libvcruntime:undname.obj
 0002:00000848       ??_C@_03MNHNFDLC@?9?$DO?$CK@ 000000018000f848     libvcruntime:undname.obj
 0002:0000084c       ??_C@_01KMDKNFGN@?1@       000000018000f84c     libvcruntime:undname.obj
 0002:00000850       ??_C@_01FGNFDNOH@?$CF@     000000018000f850     libvcruntime:undname.obj
 0002:00000854       ??_C@_01MNNFJEPP@?$DM@     000000018000f854     libvcruntime:undname.obj
 0002:00000858       ??_C@_02EHCHHCKH@?$DM?$DN@ 000000018000f858     libvcruntime:undname.obj
 0002:0000085c       ??_C@_01PPODPGHN@?$DO@     000000018000f85c     libvcruntime:undname.obj
 0002:00000860       ??_C@_02EEKDKGMJ@?$DO?$DN@ 000000018000f860     libvcruntime:undname.obj
 0002:00000864       ??_C@_01IHBHIGKO@?0@       000000018000f864     libvcruntime:undname.obj
 0002:00000868       ??_C@_02HCKGKOFO@?$CI?$CJ@ 000000018000f868     libvcruntime:undname.obj
 0002:0000086c       ??_C@_01PJKLJHI@?$HO@      000000018000f86c     libvcruntime:undname.obj
 0002:00000870       ??_C@_01JKBOJNNK@?$FO@     000000018000f870     libvcruntime:undname.obj
 0002:00000874       ??_C@_01DNKMNLPK@?$HM@     000000018000f874     libvcruntime:undname.obj
 0002:00000878       ??_C@_02PPKAJPJL@?$CG?$CG@ 000000018000f878     libvcruntime:undname.obj
 0002:0000087c       ??_C@_02NONPIBCD@?$HM?$HM@ 000000018000f87c     libvcruntime:undname.obj
 0002:00000880       ??_C@_02FPIMKNGF@?$CK?$DN@ 000000018000f880     libvcruntime:undname.obj
 0002:00000884       ??_C@_02FOEOMHFC@?$CL?$DN@ 000000018000f884     libvcruntime:undname.obj
 0002:00000888       ??_C@_02FKMDLLOA@?9?$DN@   000000018000f888     libvcruntime:undname.obj
 0002:0000088c       ??_C@_02FJEHGPIO@?1?$DN@   000000018000f88c     libvcruntime:undname.obj
 0002:00000890       ??_C@_02FENAOKFI@?$CF?$DN@ 000000018000f890     libvcruntime:undname.obj
 0002:00000894       ??_C@_03IKFCCPFF@?$DO?$DO?$DN@ 000000018000f894     libvcruntime:undname.obj
 0002:00000898       ??_C@_03CDNPDDLA@?$DM?$DM?$DN@ 000000018000f898     libvcruntime:undname.obj
 0002:0000089c       ??_C@_02FGJGFEAB@?$CG?$DN@ 000000018000f89c     libvcruntime:undname.obj
 0002:000008a0       ??_C@_02DHLNPPGH@?$HM?$DN@ 000000018000f8a0     libvcruntime:undname.obj
 0002:000008a4       ??_C@_02MHEGNOJ@?$FO?$DN@  000000018000f8a4     libvcruntime:undname.obj
 0002:000008a8       ??_C@_09IFPLHPGF@?$GAvftable?8@ 000000018000f8a8     libvcruntime:undname.obj
 0002:000008b8       ??_C@_09BLBHBJP@?$GAvbtable?8@ 000000018000f8b8     libvcruntime:undname.obj
 0002:000008c8       ??_C@_07FEEIOKP@?$GAvcall?8@ 000000018000f8c8     libvcruntime:undname.obj
 0002:000008d0       ??_C@_08LLFFHHDJ@?$GAtypeof?8@ 000000018000f8d0     libvcruntime:undname.obj
 0002:000008e0       ??_C@_0BF@KDPPACIK@?$GAlocal?5static?5guard?8@ 000000018000f8e0     libvcruntime:undname.obj
 0002:000008f8       ??_C@_08OBABFOLI@?$GAstring?8@ 000000018000f8f8     libvcruntime:undname.obj
 0002:00000908       ??_C@_0BD@JDLKDPAB@?$GAvbase?5destructor?8@ 000000018000f908     libvcruntime:undname.obj
 0002:00000920       ??_C@_0BN@DEGPLNFK@?$GAvector?5deleting?5destructor?8@ 000000018000f920     libvcruntime:undname.obj
 0002:00000940       ??_C@_0BO@OBMKPJIG@?$GAdefault?5constructor?5closure?8@ 000000018000f940     libvcruntime:undname.obj
 0002:00000960       ??_C@_0BN@IMDCHIKM@?$GAscalar?5deleting?5destructor?8@ 000000018000f960     libvcruntime:undname.obj
 0002:00000980       ??_C@_0BO@PFGOCPJJ@?$GAvector?5constructor?5iterator?8@ 000000018000f980     libvcruntime:undname.obj
 0002:000009a0       ??_C@_0BN@LFPFMEDL@?$GAvector?5destructor?5iterator?8@ 000000018000f9a0     libvcruntime:undname.obj
 0002:000009c0       ??_C@_0CE@IKBNEHA@?$GAvector?5vbase?5constructor?5itera@ 000000018000f9c0     libvcruntime:undname.obj
 0002:000009e8       ??_C@_0BL@NILFHHPC@?$GAvirtual?5displacement?5map?8@ 000000018000f9e8     libvcruntime:undname.obj
 0002:00000a08       ??_C@_0CB@JONCMFFK@?$GAeh?5vector?5constructor?5iterator@ 000000018000fa08     libvcruntime:undname.obj
 0002:00000a30       ??_C@_0CA@GCEOPDGL@?$GAeh?5vector?5destructor?5iterator?8@ 000000018000fa30     libvcruntime:undname.obj
 0002:00000a50       ??_C@_0CH@OOJPLCPH@?$GAeh?5vector?5vbase?5constructor?5it@ 000000018000fa50     libvcruntime:undname.obj
 0002:00000a78       ??_C@_0BL@LLKPOHJI@?$GAcopy?5constructor?5closure?8@ 000000018000fa78     libvcruntime:undname.obj
 0002:00000a98       ??_C@_0BA@KBCDOMBN@?$GAudt?5returning?8@ 000000018000fa98     libvcruntime:undname.obj
 0002:00000aa8       ??_C@_03KLGMFNMG@?$GAEH@   000000018000faa8     libvcruntime:undname.obj
 0002:00000aac       ??_C@_05KHLCHHI@?$GARTTI@  000000018000faac     libvcruntime:undname.obj
 0002:00000ab8       ??_C@_0BA@KKLDJDLB@?$GAlocal?5vftable?8@ 000000018000fab8     libvcruntime:undname.obj
 0002:00000ac8       ??_C@_0CE@IIHCMGGL@?$GAlocal?5vftable?5constructor?5clos@ 000000018000fac8     libvcruntime:undname.obj
 0002:00000aec       ??_C@_06FHBGPFGH@?5new?$FL?$FN@ 000000018000faec     libvcruntime:undname.obj
 0002:00000af8       ??_C@_09LBNFPBCA@?5delete?$FL?$FN@ 000000018000faf8     libvcruntime:undname.obj
 0002:00000b08       ??_C@_0P@HJKNJFNN@?$GAomni?5callsig?8@ 000000018000fb08     libvcruntime:undname.obj
 0002:00000b18       ??_C@_0BL@CNOONJFP@?$GAplacement?5delete?5closure?8@ 000000018000fb18     libvcruntime:undname.obj
 0002:00000b38       ??_C@_0BN@CKNJLHMB@?$GAplacement?5delete?$FL?$FN?5closure?8@ 000000018000fb38     libvcruntime:undname.obj
 0002:00000b58       ??_C@_0CG@CFDHKGGD@?$GAmanaged?5vector?5constructor?5ite@ 000000018000fb58     libvcruntime:undname.obj
 0002:00000b80       ??_C@_0CF@IMGKMJNO@?$GAmanaged?5vector?5destructor?5iter@ 000000018000fb80     libvcruntime:undname.obj
 0002:00000ba8       ??_C@_0CG@HLDDJMAG@?$GAeh?5vector?5copy?5constructor?5ite@ 000000018000fba8     libvcruntime:undname.obj
 0002:00000bd0       ??_C@_0CM@FCBBDIGB@?$GAeh?5vector?5vbase?5copy?5construct@ 000000018000fbd0     libvcruntime:undname.obj
 0002:00000c00       ??_C@_0BL@CLIPGLGB@?$GAdynamic?5initializer?5for?5?8@ 000000018000fc00     libvcruntime:undname.obj
 0002:00000c20       ??_C@_0CB@PDBIFEP@?$GAdynamic?5atexit?5destructor?5for?5@ 000000018000fc20     libvcruntime:undname.obj
 0002:00000c48       ??_C@_0CD@CGAJBKEJ@?$GAvector?5copy?5constructor?5iterat@ 000000018000fc48     libvcruntime:undname.obj
 0002:00000c70       ??_C@_0CJ@GJELGAMM@?$GAvector?5vbase?5copy?5constructor?5@ 000000018000fc70     libvcruntime:undname.obj
 0002:00000ca0       ??_C@_0CL@FGIJHLCE@?$GAmanaged?5vector?5copy?5constructo@ 000000018000fca0     libvcruntime:undname.obj
 0002:00000cd0       ??_C@_0BM@PMGGMLDN@?$GAlocal?5static?5thread?5guard?8@ 000000018000fcd0     libvcruntime:undname.obj
 0002:00000cf0       ??_C@_0N@BDNMDMOL@operator?5?$CC?$CC?5@ 000000018000fcf0     libvcruntime:undname.obj
 0002:00000d00       ??_C@_0BC@GGEBGALA@operator?5co_await@ 000000018000fd00     libvcruntime:undname.obj
 0002:00000d18       ??_C@_0BC@DAFEJGAK@?5Type?5Descriptor?8@ 000000018000fd18     libvcruntime:undname.obj
 0002:00000d30       ??_C@_0BM@LDKODKLH@?5Base?5Class?5Descriptor?5at?5?$CI@ 000000018000fd30     libvcruntime:undname.obj
 0002:00000d50       ??_C@_0BD@LGICGFMM@?5Base?5Class?5Array?8@ 000000018000fd50     libvcruntime:undname.obj
 0002:00000d68       ??_C@_0BN@MECKDCOJ@?5Class?5Hierarchy?5Descriptor?8@ 000000018000fd68     libvcruntime:undname.obj
 0002:00000d88       ??_C@_0BK@CFCOFLF@?5Complete?5Object?5Locator?8@ 000000018000fd88     libvcruntime:undname.obj
 0002:00000dc0       ??_C@_1DM@KHCHBNEB@?$AAa?$AAp?$AAi?$AA?9?$AAm?$AAs?$AA?9?$AAw?$AAi?$AAn?$AA?9?$AAc?$AAo?$AAr?$AAe@ 000000018000fdc0     libvcruntime:winapi_downlevel.obj
 0002:00000e00       ??_C@_1DK@LPPGFMPP@?$AAa?$AAp?$AAi?$AA?9?$AAm?$AAs?$AA?9?$AAw?$AAi?$AAn?$AA?9?$AAc?$AAo?$AAr?$AAe@ 000000018000fe00     libvcruntime:winapi_downlevel.obj
 0002:00000e40       ??_C@_1BC@GDMECMAK@?$AAk?$AAe?$AAr?$AAn?$AAe?$AAl?$AA3?$AA2@ 000000018000fe40     libvcruntime:winapi_downlevel.obj
 0002:00000e58       ??_C@_1BA@PFFKHIOG@?$AAa?$AAp?$AAi?$AA?9?$AAm?$AAs?$AA?9@ 000000018000fe58     libvcruntime:winapi_downlevel.obj
 0002:00000e68       ??_C@_1BA@IAIFMGEF@?$AAe?$AAx?$AAt?$AA?9?$AAm?$AAs?$AA?9@ 000000018000fe68     libvcruntime:winapi_downlevel.obj
 0002:00000e80       ??_C@_08KNHFBNJ@FlsAlloc@  000000018000fe80     libvcruntime:winapi_downlevel.obj
 0002:00000e98       ??_C@_07PEJMOBNF@FlsFree@  000000018000fe98     libvcruntime:winapi_downlevel.obj
 0002:00000ea8       ??_C@_0M@GDNOONDI@FlsGetValue@ 000000018000fea8     libvcruntime:winapi_downlevel.obj
 0002:00000ec0       ??_C@_0M@JCPCPOEF@FlsSetValue@ 000000018000fec0     libvcruntime:winapi_downlevel.obj
 0002:00000ed8       ??_C@_0BM@HCFOFFN@InitializeCriticalSectionEx@ 000000018000fed8     libvcruntime:winapi_downlevel.obj
 0002:00000f00       __acrt_exception_action_table 000000018000ff00     libucrt:exception_filter.obj
 0002:00000fc0       __acrt_signal_action_table_count 000000018000ffc0     libucrt:exception_filter.obj
 0002:00000fc8       __acrt_signal_action_first_fpe_index 000000018000ffc8     libucrt:exception_filter.obj
 0002:00000fd0       __acrt_signal_action_fpe_count 000000018000ffd0     libucrt:exception_filter.obj
 0002:00000fd8       ??_C@_1BI@BGOHAHKC@?$AAm?$AAs?$AAc?$AAo?$AAr?$AAe?$AAe?$AA?4?$AAd?$AAl?$AAl?$AA?$AA@ 000000018000ffd8     libucrt:exit.obj
 0002:00000ff0       ??_C@_0P@MIGLKIOC@CorExitProcess?$AA@ 000000018000fff0     libucrt:exit.obj
 0002:00001270       __lc_time_c                0000000180010270     libucrt:nlsdata.obj
 0002:00001530       ??_C@_03KOEHGMDN@Sun?$AA@  0000000180010530     libucrt:nlsdata.obj
 0002:00001534       ??_C@_03PDAGKDH@Mon?$AA@   0000000180010534     libucrt:nlsdata.obj
 0002:00001538       ??_C@_03NAGEINEP@Tue?$AA@  0000000180010538     libucrt:nlsdata.obj
 0002:0000153c       ??_C@_03MHOMLAJA@Wed?$AA@  000000018001053c     libucrt:nlsdata.obj
 0002:00001540       ??_C@_03IOFIKPDN@Thu?$AA@  0000000180010540     libucrt:nlsdata.obj
 0002:00001544       ??_C@_03IDIOELNC@Fri?$AA@  0000000180010544     libucrt:nlsdata.obj
 0002:00001548       ??_C@_03FEFJNEK@Sat?$AA@   0000000180010548     libucrt:nlsdata.obj
 0002:0000154c       ??_C@_06OOPIFAJ@Sunday?$AA@ 000000018001054c     libucrt:nlsdata.obj
 0002:00001554       ??_C@_06JLEDEDGH@Monday?$AA@ 0000000180010554     libucrt:nlsdata.obj
 0002:00001560       ??_C@_07BAAGCFCM@Tuesday?$AA@ 0000000180010560     libucrt:nlsdata.obj
 0002:00001568       ??_C@_09DLIGFAKA@Wednesday?$AA@ 0000000180010568     libucrt:nlsdata.obj
 0002:00001578       ??_C@_08HACCIKIA@Thursday?$AA@ 0000000180010578     libucrt:nlsdata.obj
 0002:00001584       ??_C@_06JECMNKMI@Friday?$AA@ 0000000180010584     libucrt:nlsdata.obj
 0002:00001590       ??_C@_08INBOOONO@Saturday?$AA@ 0000000180010590     libucrt:nlsdata.obj
 0002:0000159c       ??_C@_03JIHJHPIE@Jan?$AA@  000000018001059c     libucrt:nlsdata.obj
 0002:000015a0       ??_C@_03HJBDCHOM@Feb?$AA@  00000001800105a0     libucrt:nlsdata.obj
 0002:000015a4       ??_C@_03ODNJBKGA@Mar?$AA@  00000001800105a4     libucrt:nlsdata.obj
 0002:000015a8       ??_C@_03LEOLGMJP@Apr?$AA@  00000001800105a8     libucrt:nlsdata.obj
 0002:000015ac       ??_C@_03CNMDKL@May?$AA@    00000001800105ac     libucrt:nlsdata.obj
 0002:000015b0       ??_C@_03IDFGHECI@Jun?$AA@  00000001800105b0     libucrt:nlsdata.obj
 0002:000015b4       ??_C@_03LBGABGKK@Jul?$AA@  00000001800105b4     libucrt:nlsdata.obj
 0002:000015b8       ??_C@_03IFJFEIGA@Aug?$AA@  00000001800105b8     libucrt:nlsdata.obj
 0002:000015bc       ??_C@_03GGCAPAJC@Sep?$AA@  00000001800105bc     libucrt:nlsdata.obj
 0002:000015c0       ??_C@_03BMAOKBAD@Oct?$AA@  00000001800105c0     libucrt:nlsdata.obj
 0002:000015c4       ??_C@_03JPJOFNIA@Nov?$AA@  00000001800105c4     libucrt:nlsdata.obj
 0002:000015c8       ??_C@_03MKABNOCG@Dec?$AA@  00000001800105c8     libucrt:nlsdata.obj
 0002:000015d0       ??_C@_07CGJPFGJA@January?$AA@ 00000001800105d0     libucrt:nlsdata.obj
 0002:000015d8       ??_C@_08GNJGEPFN@February?$AA@ 00000001800105d8     libucrt:nlsdata.obj
 0002:000015e4       ??_C@_05HPCKOFNC@March?$AA@ 00000001800105e4     libucrt:nlsdata.obj
 0002:000015ec       ??_C@_05DMJDNLEJ@April?$AA@ 00000001800105ec     libucrt:nlsdata.obj
 0002:000015f4       ??_C@_04CNLMGBGM@June?$AA@ 00000001800105f4     libucrt:nlsdata.obj
 0002:000015fc       ??_C@_04MIEPOIFP@July?$AA@ 00000001800105fc     libucrt:nlsdata.obj
 0002:00001604       ??_C@_06LBBHFDDG@August?$AA@ 0000000180010604     libucrt:nlsdata.obj
 0002:00001610       ??_C@_09BHHEALKD@September?$AA@ 0000000180010610     libucrt:nlsdata.obj
 0002:00001620       ??_C@_07JJNFCEND@October?$AA@ 0000000180010620     libucrt:nlsdata.obj
 0002:00001628       ??_C@_08HCHEGEOA@November?$AA@ 0000000180010628     libucrt:nlsdata.obj
 0002:00001638       ??_C@_08EDHMEBNP@December?$AA@ 0000000180010638     libucrt:nlsdata.obj
 0002:00001644       ??_C@_02DEDBPAFC@AM?$AA@   0000000180010644     libucrt:nlsdata.obj
 0002:00001648       ??_C@_02CJNFDJBF@PM?$AA@   0000000180010648     libucrt:nlsdata.obj
 0002:00001650       ??_C@_08BPBNCDIB@MM?1dd?1yy?$AA@ 0000000180010650     libucrt:nlsdata.obj
 0002:00001660       ??_C@_0BE@CKGJFCPC@dddd?0?5MMMM?5dd?0?5yyyy?$AA@ 0000000180010660     libucrt:nlsdata.obj
 0002:00001678       ??_C@_08JCCMCCIL@HH?3mm?3ss?$AA@ 0000000180010678     libucrt:nlsdata.obj
 0002:00001688       ??_C@_17MBGCMIPB@?$AAS?$AAu?$AAn?$AA?$AA@ 0000000180010688     libucrt:nlsdata.obj
 0002:00001690       ??_C@_17KBOMKBF@?$AAM?$AAo?$AAn?$AA?$AA@ 0000000180010690     libucrt:nlsdata.obj
 0002:00001698       ??_C@_17BMKGEGOJ@?$AAT?$AAu?$AAe?$AA?$AA@ 0000000180010698     libucrt:nlsdata.obj
 0002:000016a0       ??_C@_17CJEDCEPE@?$AAW?$AAe?$AAd?$AA?$AA@ 00000001800106a0     libucrt:nlsdata.obj
 0002:000016a8       ??_C@_17PDPHAADD@?$AAT?$AAh?$AAu?$AA?$AA@ 00000001800106a8     libucrt:nlsdata.obj
 0002:000016b0       ??_C@_17HFOLPPLP@?$AAF?$AAr?$AAi?$AA?$AA@ 00000001800106b0     libucrt:nlsdata.obj
 0002:000016b8       ??_C@_17GGIBDPIH@?$AAS?$AAa?$AAt?$AA?$AA@ 00000001800106b8     libucrt:nlsdata.obj
 0002:000016c0       ??_C@_1O@IHNHDHPB@?$AAS?$AAu?$AAn?$AAd?$AAa?$AAy?$AA?$AA@ 00000001800106c0     libucrt:nlsdata.obj
 0002:000016d0       ??_C@_1O@MMNBFLIA@?$AAM?$AAo?$AAn?$AAd?$AAa?$AAy?$AA?$AA@ 00000001800106d0     libucrt:nlsdata.obj
 0002:000016e0       ??_C@_1BA@ENFBFFEK@?$AAT?$AAu?$AAe?$AAs?$AAd?$AAa?$AAy?$AA?$AA@ 00000001800106e0     libucrt:nlsdata.obj
 0002:000016f0       ??_C@_1BE@EBOGMDOH@?$AAW?$AAe?$AAd?$AAn?$AAe?$AAs?$AAd?$AAa?$AAy?$AA?$AA@ 00000001800106f0     libucrt:nlsdata.obj
 0002:00001708       ??_C@_1BC@HHMNLIHE@?$AAT?$AAh?$AAu?$AAr?$AAs?$AAd?$AAa?$AAy?$AA?$AA@ 0000000180010708     libucrt:nlsdata.obj
 0002:00001720       ??_C@_1O@PDICJHAG@?$AAF?$AAr?$AAi?$AAd?$AAa?$AAy?$AA?$AA@ 0000000180010720     libucrt:nlsdata.obj
 0002:00001730       ??_C@_1BC@ENMNNPAJ@?$AAS?$AAa?$AAt?$AAu?$AAr?$AAd?$AAa?$AAy?$AA?$AA@ 0000000180010730     libucrt:nlsdata.obj
 0002:00001748       ??_C@_17DKNBKCHM@?$AAJ?$AAa?$AAn?$AA?$AA@ 0000000180010748     libucrt:nlsdata.obj
 0002:00001750       ??_C@_17LMDJEKJN@?$AAF?$AAe?$AAb?$AA?$AA@ 0000000180010750     libucrt:nlsdata.obj
 0002:00001758       ??_C@_17CKNLEDEC@?$AAM?$AAa?$AAr?$AA?$AA@ 0000000180010758     libucrt:nlsdata.obj
 0002:00001760       ??_C@_17LFPOIHDD@?$AAA?$AAp?$AAr?$AA?$AA@ 0000000180010760     libucrt:nlsdata.obj
 0002:00001768       ??_C@_17PNNKMEED@?$AAM?$AAa?$AAy?$AA?$AA@ 0000000180010768     libucrt:nlsdata.obj
 0002:00001770       ??_C@_17KCJGOCPB@?$AAJ?$AAu?$AAn?$AA?$AA@ 0000000180010770     libucrt:nlsdata.obj
 0002:00001778       ??_C@_17IJPCKHK@?$AAJ?$AAu?$AAl?$AA?$AA@ 0000000180010778     libucrt:nlsdata.obj
 0002:00001780       ??_C@_17ICPELBCN@?$AAA?$AAu?$AAg?$AA?$AA@ 0000000180010780     libucrt:nlsdata.obj
 0002:00001788       ??_C@_17HCHCOKMG@?$AAS?$AAe?$AAp?$AA?$AA@ 0000000180010788     libucrt:nlsdata.obj
 0002:00001790       ??_C@_17FNLKOI@?$AAO?$AAc?$AAt?$AA?$AA@ 0000000180010790     libucrt:nlsdata.obj
 0002:00001798       ??_C@_17BBDMLCIG@?$AAN?$AAo?$AAv?$AA?$AA@ 0000000180010798     libucrt:nlsdata.obj
 0002:000017a0       ??_C@_17EGKACKIF@?$AAD?$AAe?$AAc?$AA?$AA@ 00000001800107a0     libucrt:nlsdata.obj
 0002:000017a8       ??_C@_1BA@EFMEIEBA@?$AAJ?$AAa?$AAn?$AAu?$AAa?$AAr?$AAy?$AA?$AA@ 00000001800107a8     libucrt:nlsdata.obj
 0002:000017b8       ??_C@_1BC@JGDDFFAM@?$AAF?$AAe?$AAb?$AAr?$AAu?$AAa?$AAr?$AAy?$AA?$AA@ 00000001800107b8     libucrt:nlsdata.obj
 0002:000017d0       ??_C@_1M@IKEENEDF@?$AAM?$AAa?$AAr?$AAc?$AAh?$AA?$AA@ 00000001800107d0     libucrt:nlsdata.obj
 0002:000017e0       ??_C@_1M@GJNLMHFD@?$AAA?$AAp?$AAr?$AAi?$AAl?$AA?$AA@ 00000001800107e0     libucrt:nlsdata.obj
 0002:000017f0       ??_C@_19EPFLPGAP@?$AAJ?$AAu?$AAn?$AAe?$AA?$AA@ 00000001800107f0     libucrt:nlsdata.obj
 0002:00001800       ??_C@_19BIFMLPCD@?$AAJ?$AAu?$AAl?$AAy?$AA?$AA@ 0000000180010800     libucrt:nlsdata.obj
 0002:00001810       ??_C@_1O@PAHLKOAC@?$AAA?$AAu?$AAg?$AAu?$AAs?$AAt?$AA?$AA@ 0000000180010810     libucrt:nlsdata.obj
 0002:00001820       ??_C@_1BE@DKAAMBJL@?$AAS?$AAe?$AAp?$AAt?$AAe?$AAm?$AAb?$AAe?$AAr?$AA?$AA@ 0000000180010820     libucrt:nlsdata.obj
 0002:00001838       ??_C@_1BA@EPANDLNG@?$AAO?$AAc?$AAt?$AAo?$AAb?$AAe?$AAr?$AA?$AA@ 0000000180010838     libucrt:nlsdata.obj
 0002:00001848       ??_C@_1BC@BGLIFPF@?$AAN?$AAo?$AAv?$AAe?$AAm?$AAb?$AAe?$AAr?$AA?$AA@ 0000000180010848     libucrt:nlsdata.obj
 0002:00001860       ??_C@_1BC@FEMKIFH@?$AAD?$AAe?$AAc?$AAe?$AAm?$AAb?$AAe?$AAr?$AA?$AA@ 0000000180010860     libucrt:nlsdata.obj
 0002:00001874       ??_C@_15ODEHAHHF@?$AAA?$AAM?$AA?$AA@ 0000000180010874     libucrt:nlsdata.obj
 0002:0000187c       ??_C@_15CLMNNGEL@?$AAP?$AAM?$AA?$AA@ 000000018001087c     libucrt:nlsdata.obj
 0002:00001888       ??_C@_1BC@IEBCMHCM@?$AAM?$AAM?$AA?1?$AAd?$AAd?$AA?1?$AAy?$AAy?$AA?$AA@ 0000000180010888     libucrt:nlsdata.obj
 0002:000018a0       ??_C@_1CI@KNAKOEBC@?$AAd?$AAd?$AAd?$AAd?$AA?0?$AA?5?$AAM?$AAM?$AAM?$AAM?$AA?5?$AAd?$AAd?$AA?0?$AA?5?$AAy?$AAy?$AAy?$AAy?$AA?$AA@ 00000001800108a0     libucrt:nlsdata.obj
 0002:000018c8       ??_C@_1BC@GDGBMEMK@?$AAH?$AAH?$AA?3?$AAm?$AAm?$AA?3?$AAs?$AAs?$AA?$AA@ 00000001800108c8     libucrt:nlsdata.obj
 0002:000018e0       ??_C@_1M@BMHNFIME@?$AAe?$AAn?$AA?9?$AAU?$AAS?$AA?$AA@ 00000001800108e0     libucrt:nlsdata.obj
 0002:00001910       ??_C@_1M@HPNHIDJI@?$AAj?$AAa?$AA?9?$AAJ?$AAP?$AA?$AA@ 0000000180010910     libucrt:mbctype.obj
 0002:00001920       ??_C@_1M@BIBDDEMK@?$AAz?$AAh?$AA?9?$AAC?$AAN?$AA?$AA@ 0000000180010920     libucrt:mbctype.obj
 0002:00001930       ??_C@_1M@JLOOOEGK@?$AAk?$AAo?$AA?9?$AAK?$AAR?$AA?$AA@ 0000000180010930     libucrt:mbctype.obj
 0002:00001940       ??_C@_1M@CLNBBOPM@?$AAz?$AAh?$AA?9?$AAT?$AAW?$AA?$AA@ 0000000180010940     libucrt:mbctype.obj
 0002:000019f0       ??_C@_1EA@JGEFHKEI@?$AAa?$AAp?$AAi?$AA?9?$AAm?$AAs?$AA?9?$AAw?$AAi?$AAn?$AA?9?$AAc?$AAo?$AAr?$AAe?$AA?9?$AAd?$AAa?$AAt?$AAe?$AAt?$AAi?$AAm?$AAe?$AA?9?$AAl?$AA1?$AA?9?$AA1?$AA?9?$AA1?$AA?$AA@ 00000001800109f0     libucrt:winapi_thunks.obj
 0002:00001a30       ??_C@_1DM@KHCHBNEB@?$AAa?$AAp?$AAi?$AA?9?$AAm?$AAs?$AA?9?$AAw?$AAi?$AAn?$AA?9?$AAc?$AAo?$AAr?$AAe?$AA?9?$AAf?$AAi?$AAb?$AAe?$AAr?$AAs?$AA?9?$AAl?$AA1?$AA?9?$AA1?$AA?9?$AA1?$AA?$AA@ 0000000180010a30     libucrt:winapi_thunks.obj
 0002:00001a70       ??_C@_1DI@IJCEHOCB@?$AAa?$AAp?$AAi?$AA?9?$AAm?$AAs?$AA?9?$AAw?$AAi?$AAn?$AA?9?$AAc?$AAo?$AAr?$AAe?$AA?9?$AAf?$AAi?$AAl?$AAe?$AA?9?$AAl?$AA1?$AA?9?$AA2?$AA?9?$AA2?$AA?$AA@ 0000000180010a70     libucrt:winapi_thunks.obj
 0002:00001ab0       ??_C@_1EI@MPIAOHOC@?$AAa?$AAp?$AAi?$AA?9?$AAm?$AAs?$AA?9?$AAw?$AAi?$AAn?$AA?9?$AAc?$AAo?$AAr?$AAe?$AA?9?$AAl?$AAo?$AAc?$AAa?$AAl?$AAi?$AAz?$AAa?$AAt?$AAi?$AAo?$AAn?$AA?9?$AAl?$AA1?$AA?9@ 0000000180010ab0     libucrt:winapi_thunks.obj
 0002:00001b00       ??_C@_1FK@FPHCKFIE@?$AAa?$AAp?$AAi?$AA?9?$AAm?$AAs?$AA?9?$AAw?$AAi?$AAn?$AA?9?$AAc?$AAo?$AAr?$AAe?$AA?9?$AAl?$AAo?$AAc?$AAa?$AAl?$AAi?$AAz?$AAa?$AAt?$AAi?$AAo?$AAn?$AA?9?$AAo?$AAb?$AAs@ 0000000180010b00     libucrt:winapi_thunks.obj
 0002:00001b60       ??_C@_1EM@DILCGIIO@?$AAa?$AAp?$AAi?$AA?9?$AAm?$AAs?$AA?9?$AAw?$AAi?$AAn?$AA?9?$AAc?$AAo?$AAr?$AAe?$AA?9?$AAp?$AAr?$AAo?$AAc?$AAe?$AAs?$AAs?$AAt?$AAh?$AAr?$AAe?$AAa?$AAd?$AAs?$AA?9?$AAl@ 0000000180010b60     libucrt:winapi_thunks.obj
 0002:00001bb0       ??_C@_1DM@LNCGDDPN@?$AAa?$AAp?$AAi?$AA?9?$AAm?$AAs?$AA?9?$AAw?$AAi?$AAn?$AA?9?$AAc?$AAo?$AAr?$AAe?$AA?9?$AAs?$AAt?$AAr?$AAi?$AAn?$AAg?$AA?9?$AAl?$AA1?$AA?9?$AA1?$AA?9?$AA0?$AA?$AA@ 0000000180010bb0     libucrt:winapi_thunks.obj
 0002:00001bf0       ??_C@_1DK@LPPGFMPP@?$AAa?$AAp?$AAi?$AA?9?$AAm?$AAs?$AA?9?$AAw?$AAi?$AAn?$AA?9?$AAc?$AAo?$AAr?$AAe?$AA?9?$AAs?$AAy?$AAn?$AAc?$AAh?$AA?9?$AAl?$AA1?$AA?9?$AA2?$AA?9?$AA0?$AA?$AA@ 0000000180010bf0     libucrt:winapi_thunks.obj
 0002:00001c30       ??_C@_1DO@FPAPJEMD@?$AAa?$AAp?$AAi?$AA?9?$AAm?$AAs?$AA?9?$AAw?$AAi?$AAn?$AA?9?$AAc?$AAo?$AAr?$AAe?$AA?9?$AAs?$AAy?$AAs?$AAi?$AAn?$AAf?$AAo?$AA?9?$AAl?$AA1?$AA?9?$AA2?$AA?9?$AA1?$AA?$AA@ 0000000180010c30     libucrt:winapi_thunks.obj
 0002:00001c70       ??_C@_1DK@NDHNAHIO@?$AAa?$AAp?$AAi?$AA?9?$AAm?$AAs?$AA?9?$AAw?$AAi?$AAn?$AA?9?$AAc?$AAo?$AAr?$AAe?$AA?9?$AAw?$AAi?$AAn?$AAr?$AAt?$AA?9?$AAl?$AA1?$AA?9?$AA1?$AA?9?$AA0?$AA?$AA@ 0000000180010c70     libucrt:winapi_thunks.obj
 0002:00001cb0       ??_C@_1DM@KGHDGBCM@?$AAa?$AAp?$AAi?$AA?9?$AAm?$AAs?$AA?9?$AAw?$AAi?$AAn?$AA?9?$AAc?$AAo?$AAr?$AAe?$AA?9?$AAx?$AAs?$AAt?$AAa?$AAt?$AAe?$AA?9?$AAl?$AA2?$AA?9?$AA1?$AA?9?$AA0?$AA?$AA@ 0000000180010cb0     libucrt:winapi_thunks.obj
 0002:00001cf0       ??_C@_1EO@IJIOEFOH@?$AAa?$AAp?$AAi?$AA?9?$AAm?$AAs?$AA?9?$AAw?$AAi?$AAn?$AA?9?$AAr?$AAt?$AAc?$AAo?$AAr?$AAe?$AA?9?$AAn?$AAt?$AAu?$AAs?$AAe?$AAr?$AA?9?$AAw?$AAi?$AAn?$AAd?$AAo?$AAw?$AA?9@ 0000000180010cf0     libucrt:winapi_thunks.obj
 0002:00001d40       ??_C@_1FG@HHGEKANL@?$AAa?$AAp?$AAi?$AA?9?$AAm?$AAs?$AA?9?$AAw?$AAi?$AAn?$AA?9?$AAs?$AAe?$AAc?$AAu?$AAr?$AAi?$AAt?$AAy?$AA?9?$AAs?$AAy?$AAs?$AAt?$AAe?$AAm?$AAf?$AAu?$AAn?$AAc?$AAt?$AAi@ 0000000180010d40     libucrt:winapi_thunks.obj
 0002:00001da0       ??_C@_1EG@DBIOJECG@?$AAe?$AAx?$AAt?$AA?9?$AAm?$AAs?$AA?9?$AAw?$AAi?$AAn?$AA?9?$AAn?$AAt?$AAu?$AAs?$AAe?$AAr?$AA?9?$AAd?$AAi?$AAa?$AAl?$AAo?$AAg?$AAb?$AAo?$AAx?$AA?9?$AAl?$AA1?$AA?9?$AA1@ 0000000180010da0     libucrt:winapi_thunks.obj
 0002:00001df0       ??_C@_1EO@FIHMJCLF@?$AAe?$AAx?$AAt?$AA?9?$AAm?$AAs?$AA?9?$AAw?$AAi?$AAn?$AA?9?$AAn?$AAt?$AAu?$AAs?$AAe?$AAr?$AA?9?$AAw?$AAi?$AAn?$AAd?$AAo?$AAw?$AAs?$AAt?$AAa?$AAt?$AAi?$AAo?$AAn?$AA?9@ 0000000180010df0     libucrt:winapi_thunks.obj
 0002:00001e40       ??_C@_1BC@DNHGCMLG@?$AAa?$AAd?$AAv?$AAa?$AAp?$AAi?$AA3?$AA2?$AA?$AA@ 0000000180010e40     libucrt:winapi_thunks.obj
 0002:00001e58       ??_C@_1BC@GDMECMAK@?$AAk?$AAe?$AAr?$AAn?$AAe?$AAl?$AA3?$AA2?$AA?$AA@ 0000000180010e58     libucrt:winapi_thunks.obj
 0002:00001e70       ??_C@_1M@OAIMIKLP@?$AAn?$AAt?$AAd?$AAl?$AAl?$AA?$AA@ 0000000180010e70     libucrt:winapi_thunks.obj
 0002:00001e80       ??_C@_1EG@DPGNFKGC@?$AAa?$AAp?$AAi?$AA?9?$AAm?$AAs?$AA?9?$AAw?$AAi?$AAn?$AA?9?$AAa?$AAp?$AAp?$AAm?$AAo?$AAd?$AAe?$AAl?$AA?9?$AAr?$AAu?$AAn?$AAt?$AAi?$AAm?$AAe?$AA?9?$AAl?$AA1?$AA?9?$AA1@ 0000000180010e80     libucrt:winapi_thunks.obj
 0002:00001ec8       ??_C@_1O@BCCLBEOE@?$AAu?$AAs?$AAe?$AAr?$AA3?$AA2?$AA?$AA@ 0000000180010ec8     libucrt:winapi_thunks.obj
 0002:00001ed8       ??_C@_1BA@PFFKHIOG@?$AAa?$AAp?$AAi?$AA?9?$AAm?$AAs?$AA?9?$AA?$AA@ 0000000180010ed8     libucrt:winapi_thunks.obj
 0002:00001ee8       ??_C@_1BA@IAIFMGEF@?$AAe?$AAx?$AAt?$AA?9?$AAm?$AAs?$AA?9?$AA?$AA@ 0000000180010ee8     libucrt:winapi_thunks.obj
 0002:00001f00       ??_C@_0BA@FHFNEAED@AreFileApisANSI?$AA@ 0000000180010f00     libucrt:winapi_thunks.obj
 0002:00001f18       ??_C@_08KNHFBNJ@FlsAlloc?$AA@ 0000000180010f18     libucrt:winapi_thunks.obj
 0002:00001f30       ??_C@_07PEJMOBNF@FlsFree?$AA@ 0000000180010f30     libucrt:winapi_thunks.obj
 0002:00001f40       ??_C@_0M@GDNOONDI@FlsGetValue?$AA@ 0000000180010f40     libucrt:winapi_thunks.obj
 0002:00001f58       ??_C@_0M@JCPCPOEF@FlsSetValue?$AA@ 0000000180010f58     libucrt:winapi_thunks.obj
 0002:00001f70       ??_C@_0BM@HCFOFFN@InitializeCriticalSectionEx?$AA@ 0000000180010f70     libucrt:winapi_thunks.obj
 0002:00001f98       ??_C@_0O@KKBNKAPF@LCMapStringEx?$AA@ 0000000180010f98     libucrt:winapi_thunks.obj
 0002:00001fb0       ??_C@_0BB@HBDEELFH@LocaleNameToLCID?$AA@ 0000000180010fb0     libucrt:winapi_thunks.obj
 0002:00001fc8       ??_C@_0CF@OJOFEIGO@AppPolicyGetProcessTerminationMe@ 0000000180010fc8     libucrt:winapi_thunks.obj
 0002:00001ff0       __newctype                 0000000180010ff0     libucrt:ctype.obj
 0002:000022f0       __newclmap                 00000001800112f0     libucrt:ctype.obj
 0002:00002470       __newcumap                 0000000180011470     libucrt:ctype.obj
 0002:000025f0       ??_C@_15PJPFLCCM@?$AAu?$AAk?$AA?$AA@ 00000001800115f0     libucrt:get_qualified_locale.obj
 0002:00003440       ??_C@_15EMKDOKLE@?$AAa?$AAr?$AA?$AA@ 0000000180012440     libucrt:lcidtoname_downlevel.obj
 0002:00003448       ??_C@_15KNPADPLH@?$AAb?$AAg?$AA?$AA@ 0000000180012448     libucrt:lcidtoname_downlevel.obj
 0002:00003450       ??_C@_15EDMHLDMO@?$AAc?$AAa?$AA?$AA@ 0000000180012450     libucrt:lcidtoname_downlevel.obj
 0002:00003458       ??_C@_1O@BPEAJADD@?$AAz?$AAh?$AA?9?$AAC?$AAH?$AAS?$AA?$AA@ 0000000180012458     libucrt:lcidtoname_downlevel.obj
 0002:00003468       ??_C@_15LJNHCMNK@?$AAc?$AAs?$AA?$AA@ 0000000180012468     libucrt:lcidtoname_downlevel.obj
 0002:00003470       ??_C@_15FOMCIDHG@?$AAd?$AAa?$AA?$AA@ 0000000180012470     libucrt:lcidtoname_downlevel.obj
 0002:00003478       ??_C@_15NBKABECB@?$AAd?$AAe?$AA?$AA@ 0000000180012478     libucrt:lcidtoname_downlevel.obj
 0002:00003480       ??_C@_15GHPEIIAO@?$AAe?$AAl?$AA?$AA@ 0000000180012480     libucrt:lcidtoname_downlevel.obj
 0002:00003488       ??_C@_15MNPNEAIF@?$AAe?$AAn?$AA?$AA@ 0000000180012488     libucrt:lcidtoname_downlevel.obj
 0002:00003490       ??_C@_15GPIOMPMH@?$AAe?$AAs?$AA?$AA@ 0000000180012490     libucrt:lcidtoname_downlevel.obj
 0002:00003498       ??_C@_15NGLOAKJC@?$AAf?$AAi?$AA?$AA@ 0000000180012498     libucrt:lcidtoname_downlevel.obj
 0002:000034a0       ??_C@_15FBKGNKAM@?$AAf?$AAr?$AA?$AA@ 00000001800124a0     libucrt:lcidtoname_downlevel.obj
 0002:000034a8       ??_C@_15KGGCNEFK@?$AAh?$AAe?$AA?$AA@ 00000001800124a8     libucrt:lcidtoname_downlevel.obj
 0002:000034b0       ??_C@_15PGHLIDMF@?$AAh?$AAu?$AA?$AA@ 00000001800124b0     libucrt:lcidtoname_downlevel.obj
 0002:000034b8       ??_C@_15BIEMAPLM@?$AAi?$AAs?$AA?$AA@ 00000001800124b8     libucrt:lcidtoname_downlevel.obj
 0002:000034c0       ??_C@_15IFJLDHAF@?$AAi?$AAt?$AA?$AA@ 00000001800124c0     libucrt:lcidtoname_downlevel.obj
 0002:000034c8       ??_C@_15GEMIOCAG@?$AAj?$AAa?$AA?$AA@ 00000001800124c8     libucrt:lcidtoname_downlevel.obj
 0002:000034d0       ??_C@_15EPELEGJA@?$AAk?$AAo?$AA?$AA@ 00000001800124d0     libucrt:lcidtoname_downlevel.obj
 0002:000034d8       ??_C@_15NDDHIMN@?$AAn?$AAl?$AA?$AA@ 00000001800124d8     libucrt:lcidtoname_downlevel.obj
 0002:000034e0       ??_C@_15BPIGNHCD@?$AAn?$AAo?$AA?$AA@ 00000001800124e0     libucrt:lcidtoname_downlevel.obj
 0002:000034e8       ??_C@_15DEOPBLCG@?$AAp?$AAl?$AA?$AA@ 00000001800124e8     libucrt:lcidtoname_downlevel.obj
 0002:000034f0       ??_C@_15KBECGEFG@?$AAp?$AAt?$AA?$AA@ 00000001800124f0     libucrt:lcidtoname_downlevel.obj
 0002:000034f8       ??_C@_15GLJCBFMD@?$AAr?$AAo?$AA?$AA@ 00000001800124f8     libucrt:lcidtoname_downlevel.obj
 0002:00003500       ??_C@_15FEDGKCDI@?$AAr?$AAu?$AA?$AA@ 0000000180012500     libucrt:lcidtoname_downlevel.obj
 0002:00003508       ??_C@_15GLKMLLHM@?$AAh?$AAr?$AA?$AA@ 0000000180012508     libucrt:lcidtoname_downlevel.obj
 0002:00003510       ??_C@_15CPKMFBDB@?$AAs?$AAk?$AA?$AA@ 0000000180012510     libucrt:lcidtoname_downlevel.obj
 0002:00003518       ??_C@_15BAAIOGMK@?$AAs?$AAq?$AA?$AA@ 0000000180012518     libucrt:lcidtoname_downlevel.obj
 0002:00003520       ??_C@_15INNPNOHD@?$AAs?$AAv?$AA?$AA@ 0000000180012520     libucrt:lcidtoname_downlevel.obj
 0002:00003528       ??_C@_15CABMMOGH@?$AAt?$AAh?$AA?$AA@ 0000000180012528     libucrt:lcidtoname_downlevel.obj
 0002:00003530       ??_C@_15BPLIHJJM@?$AAt?$AAr?$AA?$AA@ 0000000180012530     libucrt:lcidtoname_downlevel.obj
 0002:00003538       ??_C@_15NEOEKKDJ@?$AAu?$AAr?$AA?$AA@ 0000000180012538     libucrt:lcidtoname_downlevel.obj
 0002:00003540       ??_C@_15NFICGAJK@?$AAi?$AAd?$AA?$AA@ 0000000180012540     libucrt:lcidtoname_downlevel.obj
 0002:00003548       ??_C@_15HPJPHDM@?$AAb?$AAe?$AA?$AA@ 0000000180012548     libucrt:lcidtoname_downlevel.obj
 0002:00003550       ??_C@_15LCHLGJII@?$AAs?$AAl?$AA?$AA@ 0000000180012550     libucrt:lcidtoname_downlevel.obj
 0002:00003558       ??_C@_15PCFJPHHO@?$AAe?$AAt?$AA?$AA@ 0000000180012558     libucrt:lcidtoname_downlevel.obj
 0002:00003560       ??_C@_15HPFPGODN@?$AAl?$AAv?$AA?$AA@ 0000000180012560     libucrt:lcidtoname_downlevel.obj
 0002:00003568       ??_C@_15NFFGKGLG@?$AAl?$AAt?$AA?$AA@ 0000000180012568     libucrt:lcidtoname_downlevel.obj
 0002:00003570       ??_C@_15BDAKCCHN@?$AAf?$AAa?$AA?$AA@ 0000000180012570     libucrt:lcidtoname_downlevel.obj
 0002:00003578       ??_C@_15NFGIAIAJ@?$AAv?$AAi?$AA?$AA@ 0000000180012578     libucrt:lcidtoname_downlevel.obj
 0002:00003580       ??_C@_15LMKNDMHN@?$AAh?$AAy?$AA?$AA@ 0000000180012580     libucrt:lcidtoname_downlevel.obj
 0002:00003588       ??_C@_15IJBHMCFL@?$AAa?$AAz?$AA?$AA@ 0000000180012588     libucrt:lcidtoname_downlevel.obj
 0002:00003590       ??_C@_15EKOFJABL@?$AAe?$AAu?$AA?$AA@ 0000000180012590     libucrt:lcidtoname_downlevel.obj
 0002:00003598       ??_C@_15BGHADCNK@?$AAm?$AAk?$AA?$AA@ 0000000180012598     libucrt:lcidtoname_downlevel.obj
 0002:000035a0       ??_C@_15JDNICKHM@?$AAa?$AAf?$AA?$AA@ 00000001800125a0     libucrt:lcidtoname_downlevel.obj
 0002:000035a8       ??_C@_15KPJEDBKD@?$AAk?$AAa?$AA?$AA@ 00000001800125a8     libucrt:lcidtoname_downlevel.obj
 0002:000035b0       ??_C@_15PDNFFFEO@?$AAf?$AAo?$AA?$AA@ 00000001800125b0     libucrt:lcidtoname_downlevel.obj
 0002:000035b8       ??_C@_15OMLEGLOC@?$AAh?$AAi?$AA?$AA@ 00000001800125b8     libucrt:lcidtoname_downlevel.obj
 0002:000035c0       ??_C@_15IDNNENKK@?$AAm?$AAs?$AA?$AA@ 00000001800125c0     libucrt:lcidtoname_downlevel.obj
 0002:000035c8       ??_C@_15MACJNBMH@?$AAk?$AAk?$AA?$AA@ 00000001800125c8     libucrt:lcidtoname_downlevel.obj
 0002:000035d0       ??_C@_15DKDJEOND@?$AAk?$AAy?$AA?$AA@ 00000001800125d0     libucrt:lcidtoname_downlevel.obj
 0002:000035d8       ??_C@_15DFGDLJBG@?$AAs?$AAw?$AA?$AA@ 00000001800125d8     libucrt:lcidtoname_downlevel.obj
 0002:000035e0       ??_C@_15BBFAICNG@?$AAu?$AAz?$AA?$AA@ 00000001800125e0     libucrt:lcidtoname_downlevel.obj
 0002:000035e8       ??_C@_15DKNDCGEA@?$AAt?$AAt?$AA?$AA@ 00000001800125e8     libucrt:lcidtoname_downlevel.obj
 0002:000035f0       ??_C@_15MGIFMDPL@?$AAp?$AAa?$AA?$AA@ 00000001800125f0     libucrt:lcidtoname_downlevel.obj
 0002:000035f8       ??_C@_15HCNDBBA@?$AAg?$AAu?$AA?$AA@ 00000001800125f8     libucrt:lcidtoname_downlevel.obj
 0002:00003600       ??_C@_15FNBEIBON@?$AAt?$AAa?$AA?$AA@ 0000000180012600     libucrt:lcidtoname_downlevel.obj
 0002:00003608       ??_C@_15NCHGBGLK@?$AAt?$AAe?$AA?$AA@ 0000000180012608     libucrt:lcidtoname_downlevel.obj
[...]
 0004:000008ac       $pdata$_recalloc_base      000000018001b8ac     libucrt:recalloc.obj
 0004:000008b8       $pdata$?try_get_function@@YAPEAXW4function_id@?A0x391cf84c@@QEBDQEBW4module_id@2@2@Z 000000018001b8b8     libucrt:winapi_thunks.obj
 0004:000008c4       $pdata$__acrt_AppPolicyGetProcessTerminationMethodInternal 000000018001b8c4     libucrt:winapi_thunks.obj
 0004:000008d0       $pdata$__acrt_AreFileApisANSI 000000018001b8d0     libucrt:winapi_thunks.obj
 0004:000008dc       $pdata$__acrt_FlsAlloc     000000018001b8dc     libucrt:winapi_thunks.obj
 0004:000008e8       $pdata$__acrt_FlsFree      000000018001b8e8     libucrt:winapi_thunks.obj
 0004:000008f4       $pdata$__acrt_FlsGetValue  000000018001b8f4     libucrt:winapi_thunks.obj
 0004:00000900       $pdata$__acrt_FlsSetValue  000000018001b900     libucrt:winapi_thunks.obj
 0004:0000090c       $pdata$__acrt_InitializeCriticalSectionEx 000000018001b90c     libucrt:winapi_thunks.obj
 0004:00000918       $pdata$__acrt_LCMapStringEx 000000018001b918     libucrt:winapi_thunks.obj
 0004:00000924       $pdata$__acrt_LocaleNameToLCID 000000018001b924     libucrt:winapi_thunks.obj
 0004:00000930       $pdata$__acrt_initialize_winapi_thunks 000000018001b930     libucrt:winapi_thunks.obj
 0004:0000093c       $pdata$__acrt_uninitialize_winapi_thunks 000000018001b93c     libucrt:winapi_thunks.obj
 0004:00000948       $pdata$__acrt_initialize_heap 000000018001b948     libucrt:heap_handle.obj
 0004:00000954       $pdata$?initialize_inherited_file_handles_nolock@@YAXXZ 000000018001b954     libucrt:ioinit.obj
 0004:00000960       $pdata$?initialize_stdio_handles_nolock@@YAXXZ 000000018001b960     libucrt:ioinit.obj
 0004:0000096c       $pdata$__acrt_initialize_lowio 000000018001b96c     libucrt:ioinit.obj
 0004:00000978       $pdata$__acrt_uninitialize_lowio 000000018001b978     libucrt:ioinit.obj
 0004:00000984       $pdata$__acrt_execute_initializers 000000018001b984     libucrt:shared_initialization.obj
 0004:00000990       $pdata$__acrt_execute_uninitializers 000000018001b990     libucrt:shared_initialization.obj
 0004:0000099c       $pdata$??$?RV<lambda_450d765d439847d4c735a33c368b5fc0>@@AEAV<lambda_44731a7d0e6d81c3e6aa82d741081786>@@V<lambda_601a2a7da3b7a96e9554ac7215c4b07c>@@@?$__crt_seh_guarded_call@P6AXH@Z@@QEAAP6AXH@Z$$QEAV<lambda_450d765d439847d4c735a33c368b5fc0>@@AEAV<lambda_44731a7d0e6d81c3e6aa82d741081786>@@$$QEAV<lambda_601a2a7da3b7a96e9554ac7215c4b07c>@@@Z 000000018001b99c     libucrt:signal.obj
 0004:000009a8       $pdata$__acrt_get_sigabrt_handler 000000018001b9a8     libucrt:signal.obj
 0004:000009b4       $pdata$raise               000000018001b9b4     libucrt:signal.obj
 0004:000009c0       $pdata$??$?RV<lambda_842d9ff0dc9ef11c61343bbaebe7f885>@@AEAV<lambda_c5860995281e5c4ce005b3de8f5874ee>@@V<lambda_d90129c13df834fdcbf8d2b88dafcf2d>@@@?$__crt_seh_guarded_call@X@@QEAAX$$QEAV<lambda_842d9ff0dc9ef11c61343bbaebe7f885>@@AEAV<lambda_c5860995281e5c4ce005b3de8f5874ee>@@$$QEAV<lambda_d90129c13df834fdcbf8d2b88dafcf2d>@@@Z 000000018001b9c0     libucrt:fflush.obj
 0004:000009cc       $pdata$??$?RV<lambda_886d6c58226a84441f68b9f2b8217b83>@@AEAV<lambda_ab61a845afdef5b7c387490eaf3616ee>@@V<lambda_f7f22ab5edc0698d5f6905b0d3f44752>@@@?$__crt_seh_guarded_call@X@@QEAAX$$QEAV<lambda_886d6c58226a84441f68b9f2b8217b83>@@AEAV<lambda_ab61a845afdef5b7c387490eaf3616ee>@@$$QEAV<lambda_f7f22ab5edc0698d5f6905b0d3f44752>@@@Z 000000018001b9cc     libucrt:fflush.obj
 0004:000009d8       $pdata$?common_flush_all@@YAH_N@Z 000000018001b9d8     libucrt:fflush.obj
 0004:000009e4       $pdata$__acrt_stdio_flush_nolock 000000018001b9e4     libucrt:fflush.obj
 0004:000009f0       $pdata$_fflush_nolock      000000018001b9f0     libucrt:fflush.obj
 0004:000009fc       $pdata$__acrt_initialize_stdio 000000018001b9fc     libucrt:_file.obj
 0004:00000a08       $pdata$__acrt_uninitialize_stdio 000000018001ba08     libucrt:_file.obj
 0004:00000a14       $pdata$_mbtowc_l           000000018001ba14     libucrt:mbtowc.obj
 0004:00000a20       $pdata$_fileno             000000018001ba20     libucrt:fileno.obj
 0004:00000a2c       $pdata$__pctype_func       000000018001ba2c     libucrt:ctype.obj
 0004:00000a38       $pdata$_isctype_l          000000018001ba38     libucrt:isctype.obj
 0004:00000a44       $pdata$__acrt_free_locale  000000018001ba44     libucrt:locale_refcounting.obj
 0004:00000a50       $pdata$__acrt_locale_free_lc_time_if_unreferenced 000000018001ba50     libucrt:locale_refcounting.obj
 0004:00000a5c       $pdata$__acrt_release_locale_ref 000000018001ba5c     libucrt:locale_refcounting.obj
 0004:00000a68       $pdata$__acrt_update_thread_locale_data 000000018001ba68     libucrt:locale_refcounting.obj
 0004:00000a74       $pdata$_updatetlocinfoEx_nolock 000000018001ba74     libucrt:locale_refcounting.obj
 0004:00000a80       $pdata$_isleadbyte_l       000000018001ba80     libucrt:_wctype.obj
 0004:00000a8c       $pdata$?__acrt_LCMapStringA_stat@@YAHPEAU__crt_locale_pointers@@PEB_WKPEBDHPEADHHH@Z 000000018001ba8c     libucrt:lcmapstringa.obj
 0004:00000a98       $pdata$__acrt_LCMapStringA 000000018001ba98     libucrt:lcmapstringa.obj
 0004:00000aa4       $pdata$__acrt_locale_free_monetary 000000018001baa4     libucrt:initmon.obj
 0004:00000ab0       $pdata$__acrt_locale_free_numeric 000000018001bab0     libucrt:initnum.obj
 0004:00000abc       $pdata$?free_crt_array_internal@@YAXQEAPEBX_K@Z 000000018001babc     libucrt:inittime.obj
 0004:00000ac8       $pdata$__acrt_locale_free_time 000000018001bac8     libucrt:inittime.obj
 0004:00000ad4       $pdata$__acrt_GetStringTypeA 000000018001bad4     libucrt:getstringtypea.obj
 0004:00000ae0       $pdata$qsort               000000018001bae0     libucrt:qsort.obj
 0004:00000aec       $pdata$4$qsort             000000018001baec     libucrt:qsort.obj
 0004:00000af8       $pdata$5$qsort             000000018001baf8     libucrt:qsort.obj
 0004:00000b04       $pdata$strncpy_s           000000018001bb04     libucrt:strncpy_s.obj
 0004:00000b10       $pdata$fallbackMethod      000000018001bb10     libucrt:strpbrk.obj
 0004:00000b1c       $pdata$strpbrk             000000018001bb1c     libucrt:strpbrk.obj
 0004:00000b28       $pdata$_mbsdec_l           000000018001bb28     libucrt:mbsdec.obj
 0004:00000b34       $pdata$?initialize_multibyte@@YAHXZ 000000018001bb34     libucrt:multibyte_initializer.obj
 0004:00000b40       $pdata$_msize_base         000000018001bb40     libucrt:msize.obj
 0004:00000b4c       $pdata$_realloc_base       000000018001bb4c     libucrt:realloc_base.obj
 0004:00000b58       $pdata$?GetTableIndexFromLocaleName@@YAHPEB_W@Z 000000018001bb58     libucrt:lcidtoname_downlevel.obj
 0004:00000b64       $pdata$__acrt_DownlevelLocaleNameToLCID 000000018001bb64     libucrt:lcidtoname_downlevel.obj
 0004:00000b70       $pdata$__acrt_lowio_create_handle_array 000000018001bb70     libucrt:osfinfo.obj
 0004:00000b7c       $pdata$__acrt_lowio_destroy_handle_array 000000018001bb7c     libucrt:osfinfo.obj
 0004:00000b88       $pdata$__acrt_lowio_ensure_fh_exists 000000018001bb88     libucrt:osfinfo.obj
 0004:00000b94       $pdata$_free_osfhnd        000000018001bb94     libucrt:osfinfo.obj
 0004:00000ba0       $pdata$_get_osfhandle      000000018001bba0     libucrt:osfinfo.obj
 0004:00000bac       $pdata$??$?RV<lambda_a37b2b86f63e897a80ea819b0eb08c01>@@AEAV<lambda_38ce7e780aa69e748d6df282ebc68efe>@@V<lambda_99fb1378e971ab6e7edea83e3a7a83a2>@@@?$__crt_seh_guarded_call@H@@QEAAH$$QEAV<lambda_a37b2b86f63e897a80ea819b0eb08c01>@@AEAV<lambda_38ce7e780aa69e748d6df282ebc68efe>@@$$QEAV<lambda_99fb1378e971ab6e7edea83e3a7a83a2>@@@Z 000000018001bbac     libucrt:commit.obj
 0004:00000bb8       $pdata$_commit             000000018001bbb8     libucrt:commit.obj
 0004:00000bc4       $pdata$?write_double_translated_ansi_nolock@@YA?AUwrite_result@?A0x17268360@@HQEBDI@Z 000000018001bbc4     libucrt:write.obj
 0004:00000bd0       $pdata$?write_text_ansi_nolock@@YA?AUwrite_result@?A0x17268360@@HQEBDI@Z 000000018001bbd0     libucrt:write.obj
 0004:00000bdc       $pdata$?write_text_utf16le_nolock@@YA?AUwrite_result@?A0x17268360@@HQEBDI@Z 000000018001bbdc     libucrt:write.obj
 0004:00000be8       $pdata$?write_text_utf8_nolock@@YA?AUwrite_result@?A0x17268360@@HQEBDI@Z 000000018001bbe8     libucrt:write.obj
 0004:00000bf4       $pdata$_write              000000018001bbf4     libucrt:write.obj
 0004:00000c00       $pdata$_write_nolock       000000018001bc00     libucrt:write.obj
 0004:00000c0c       $pdata$_fcloseall          000000018001bc0c     libucrt:closeall.obj
 0004:00000c18       $pdata$__acrt_stdio_free_buffer_nolock 000000018001bc18     libucrt:_freebuf.obj
 0004:00000c24       $pdata$_isatty             000000018001bc24     libucrt:isatty.obj
 0004:00000c30       $pdata$?__mbrtowc_utf8@__crt_mbstring@@YA_KPEA_WPEBD_KPEAU_Mbstatet@@@Z 000000018001bc30     libucrt:mbrtowc.obj
 0004:00000c3c       $pdata$?__mbsrtowcs_utf8@__crt_mbstring@@YA_KPEA_WPEAPEBD_KPEAU_Mbstatet@@@Z 000000018001bc3c     libucrt:mbrtowc.obj
 0004:00000c48       $pdata$??$common_lseek_nolock@_J@@YA_JH_JH@Z 000000018001bc48     libucrt:lseek.obj
 0004:00000c54       $pdata$_putwch_nolock      000000018001bc54     libucrt:putwch.obj
 0004:00000c60       $pdata$_fclose_nolock      000000018001bc60     libucrt:fclose.obj
 0004:00000c6c       $pdata$fclose              000000018001bc6c     libucrt:fclose.obj
 0004:00000c78       $pdata$?__mbrtoc32_utf8@__crt_mbstring@@YA_KPEA_UPEBD_KPEAU_Mbstatet@@@Z 000000018001bc78     libucrt:mbrtoc32.obj
 0004:00000c90       $pdata$__dcrt_lowio_ensure_console_output_initialized 000000018001bc90     libucrt:initcon.obj
 0004:00000c9c       $pdata$__dcrt_terminate_console_output 000000018001bc9c     libucrt:initcon.obj
 0004:00000ca8       $pdata$__dcrt_write_console 000000018001bca8     libucrt:initcon.obj
 0004:00000cb4       $pdata$??$?RV<lambda_751a882b2c74d4b022dec766aa51a29a>@@AEAV<lambda_628dfdc04ba53c8bfc02c9951375f3f5>@@V<lambda_f6c7be5f7998530c34de24c7437d6b54>@@@?$__crt_seh_guarded_call@H@@QEAAH$$QEAV<lambda_751a882b2c74d4b022dec766aa51a29a>@@AEAV<lambda_628dfdc04ba53c8bfc02c9951375f3f5>@@$$QEAV<lambda_f6c7be5f7998530c34de24c7437d6b54>@@@Z 000000018001bcb4     libucrt:close.obj
 0004:00000cc0       $pdata$_close              000000018001bcc0     libucrt:close.obj
 0004:00000ccc       $pdata$_close_nolock       000000018001bccc     libucrt:close.obj
 0004:00000cd8       $pdata$_call_matherr       000000018001bcd8     libucrt:libm_error.obj
 0004:00000ce4       $pdata$_exception_enabled  000000018001bce4     libucrt:libm_error.obj
 0004:00000cf0       $pdata$_handle_error       000000018001bcf0     libucrt:libm_error.obj
 0004:00000cfc       $pdata$__acrt_initialize_fma3 000000018001bcfc     libucrt:fma3_available.obj
 0004:00000d08       $pdata$_log10_special      000000018001bd08     libucrt:log_special.obj
 0004:00000d14       $pdata$_log_special_common 000000018001bd14     libucrt:log_special.obj
 0004:00000d2c       $pdata$_raise_exc          000000018001bd2c     libucrt:fpexcept.obj
 0004:00000d38       $pdata$_raise_exc_ex       000000018001bd38     libucrt:fpexcept.obj
 0004:00000d44       $pdata$_set_errno_from_matherr 000000018001bd44     libucrt:fpexcept.obj
 0004:00000d50       $pdata$_clrfp              000000018001bd50     libucrt:fpctrl.obj
 0004:00000d5c       $pdata$_ctrlfp             000000018001bd5c     libucrt:fpctrl.obj
 0004:00000d68       $pdata$_set_statfp         000000018001bd68     libucrt:fpctrl.obj
 0004:00000d74       $pdata$_statfp             000000018001bd74     libucrt:fpctrl.obj
 0004:00000d80       $pdata$?DloadAcquireSectionWriteAccess@@YAXXZ 000000018001bd80     DelayImp:delayhlp.obj
 0004:00000d8c       $pdata$?DloadGetSRWLockFunctionPointers@@YAEXZ 000000018001bd8c     DelayImp:delayhlp.obj
 0004:00000d98       $pdata$?DloadMakePermanentImageCommit@@YAXPEAX_K@Z 000000018001bd98     DelayImp:delayhlp.obj
 0004:00000da4       $pdata$?DloadObtainSection@@YAPEAXPEAK0@Z 000000018001bda4     DelayImp:delayhlp.obj
 0004:00000db0       $pdata$?DloadProtectSection@@YAXKPEAK@Z 000000018001bdb0     DelayImp:delayhlp.obj
 0004:00000dbc       $pdata$?DloadReleaseSectionWriteAccess@@YAXXZ 000000018001bdbc     DelayImp:delayhlp.obj
 0004:00000dc8       $pdata$__delayLoadHelper2  000000018001bdc8     DelayImp:delayhlp.obj
 0004:00000dd4       $pdata$_IsNonwritableInCurrentImage 000000018001bdd4     LIBCMT:pesect.obj
 0004:00000de0       $pdata$__GSHandlerCheck    000000018001bde0     LIBCMT:gshandler.obj
 0004:00000dec       $pdata$__GSHandlerCheckCommon 000000018001bdec     LIBCMT:gshandler.obj
 0004:00000e1c       $pdata$?fin$0@?0??dllmain_crt_process_attach@@YAHQEAUHINSTANCE__@@QEAX@Z@4HA 000000018001be1c     LIBCMT:dll_dllmain.obj
 0004:00000e28       $pdata$?fin$0@?0??dllmain_crt_process_detach@@YAH_N@Z@4HA 000000018001be28     LIBCMT:dll_dllmain.obj
 0004:00000e34       $pdata$?filt$0@?0??dllmain_dispatch@@YAHQEAUHINSTANCE__@@KQEAX@Z@4HA 000000018001be34     LIBCMT:dll_dllmain.obj
 0004:00000e40       $pdata$__scrt_is_nonwritable_in_current_image$filt$0 000000018001be40     LIBCMT:utility.obj
 0004:00000e4c       $pdata$__DestructExceptionObject$filt$0 000000018001be4c     libvcruntime:ehhelpers.obj
 0004:00000e58       $pdata$_query_new_handler$fin$0 000000018001be58     libucrt:new_handler.obj
 0004:00000e64       $pdata$?fin$0@?0???$?RV<lambda_efdfa57d1f175319df784efa44bb7b81>@@AEAV<lambda_5f0a4c1567f8adc6734073e5d1e1b35c>@@V<lambda_2e8a7d3640ea6ccb4c2413664c2db6fd>@@@?$__crt_seh_guarded_call@X@@QEAAX$$QEAV<lambda_efdfa57d1f175319df784efa44bb7b81>@@AEAV<lambda_5f0a4c1567f8adc6734073e5d1e1b35c>@@$$QEAV<lambda_2e8a7d3640ea6ccb4c2413664c2db6fd>@@@Z@4HA 000000018001be64     libucrt:mbctype.obj
 0004:00000e64       $pdata$?fin$0@?0???$?RV<lambda_aa87e3671a710a21b5dc78c0bdf72e11>@@AEAV<lambda_92619d2358a28f41a33ba319515a20b9>@@V<lambda_6992ecaafeb10aed2b74cb1fae11a551>@@@?$__crt_seh_guarded_call@X@@QEAAX$$QEAV<lambda_aa87e3671a710a21b5dc78c0bdf72e11>@@AEAV<lambda_92619d2358a28f41a33ba319515a20b9>@@$$QEAV<lambda_6992ecaafeb10aed2b74cb1fae11a551>@@@Z@4HA 000000018001be64     libucrt:per_thread_data.obj
 0004:00000e64       $pdata$?fin$0@?0???$?RV<lambda_d80eeec6fff315bfe5c115232f3240e3>@@AEAV<lambda_6e4b09c48022b2350581041d5f6b0c4c>@@V<lambda_2358e3775559c9db80273638284d5e45>@@@?$__crt_seh_guarded_call@X@@QEAAX$$QEAV<lambda_d80eeec6fff315bfe5c115232f3240e3>@@AEAV<lambda_6e4b09c48022b2350581041d5f6b0c4c>@@$$QEAV<lambda_2358e3775559c9db80273638284d5e45>@@@Z@4HA 000000018001be64     libucrt:exit.obj
 0004:00000e64       $pdata$?fin$0@?0???$?RV<lambda_f2e299630e499de9f9a165e60fcd3db5>@@AEAV<lambda_2ae9d31cdba2644fcbeaf08da7c24588>@@V<lambda_40d01ff24d0e7b3814fdbdcee8eab3c7>@@@?$__crt_seh_guarded_call@X@@QEAAX$$QEAV<lambda_f2e299630e499de9f9a165e60fcd3db5>@@AEAV<lambda_2ae9d31cdba2644fcbeaf08da7c24588>@@$$QEAV<lambda_40d01ff24d0e7b3814fdbdcee8eab3c7>@@@Z@4HA 000000018001be64     libucrt:per_thread_data.obj
 0004:00000e64       $pdata$?fin$0@?0???$?RV<lambda_2d41944a1d46af3157314b8a01080d33>@@AEAV<lambda_8f455de75cd7d7f24b4096f044d8b9e6>@@V<lambda_aa500f224e6afead328df44964fe2772>@@@?$__crt_seh_guarded_call@X@@QEAAX$$QEAV<lambda_2d41944a1d46af3157314b8a01080d33>@@AEAV<lambda_8f455de75cd7d7f24b4096f044d8b9e6>@@$$QEAV<lambda_aa500f224e6afead328df44964fe2772>@@@Z@4HA 000000018001be64     libucrt:per_thread_data.obj
 0004:00000e64       $pdata$?fin$0@?0???$?RV<lambda_7777bce6b2f8c936911f934f8298dc43>@@AEAV<lambda_f03950bc5685219e0bcd2087efbe011e>@@V<lambda_3883c3dff614d5e0c5f61bb1ac94921c>@@@?$__crt_seh_guarded_call@H@@QEAAH$$QEAV<lambda_7777bce6b2f8c936911f934f8298dc43>@@AEAV<lambda_f03950bc5685219e0bcd2087efbe011e>@@$$QEAV<lambda_3883c3dff614d5e0c5f61bb1ac94921c>@@@Z@4HA 000000018001be64     libucrt:onexit.obj
 0004:00000e64       $pdata$?fin$0@?0???$?RV<lambda_0ae27a3a962d80f24befdcbee591983d>@@AEAV<lambda_8d0ee55de4b1038c4002e0adecdf1839>@@V<lambda_dc504788e8f1664fe9b84e20bfb512f2>@@@?$__crt_seh_guarded_call@X@@QEAAX$$QEAV<lambda_0ae27a3a962d80f24befdcbee591983d>@@AEAV<lambda_8d0ee55de4b1038c4002e0adecdf1839>@@$$QEAV<lambda_dc504788e8f1664fe9b84e20bfb512f2>@@@Z@4HA 000000018001be64     libucrt:per_thread_data.obj
 0004:00000e64       $pdata$?fin$0@?0???$?RV<lambda_450d765d439847d4c735a33c368b5fc0>@@AEAV<lambda_44731a7d0e6d81c3e6aa82d741081786>@@V<lambda_601a2a7da3b7a96e9554ac7215c4b07c>@@@?$__crt_seh_guarded_call@P6AXH@Z@@QEAAP6AXH@Z$$QEAV<lambda_450d765d439847d4c735a33c368b5fc0>@@AEAV<lambda_44731a7d0e6d81c3e6aa82d741081786>@@$$QEAV<lambda_601a2a7da3b7a96e9554ac7215c4b07c>@@@Z@4HA 000000018001be64     libucrt:signal.obj
 0004:00000e70       $pdata$?filt$0@?0???R<lambda_6e4b09c48022b2350581041d5f6b0c4c>@@QEBA@XZ@4HA 000000018001be70     libucrt:exit.obj
 0004:00000e7c       $pdata$?fin$0@?0???$?RV<lambda_410d79af7f07d98d83a3f525b3859a53>@@AEAV<lambda_3e16ef9562a7dcce91392c22ab16ea36>@@V<lambda_38119f0e861e05405d8a144b9b982f0a>@@@?$__crt_seh_guarded_call@X@@QEAAX$$QEAV<lambda_410d79af7f07d98d83a3f525b3859a53>@@AEAV<lambda_3e16ef9562a7dcce91392c22ab16ea36>@@$$QEAV<lambda_38119f0e861e05405d8a144b9b982f0a>@@@Z@4HA 000000018001be7c     libucrt:wsetlocale.obj
 0004:00000e88       $pdata$?fin$0@?0??update_thread_multibyte_data_internal@@YAPEAU__crt_multibyte_data@@QEAU__acrt_ptd@@QEAPEAU1@@Z@4HA 000000018001be88     libucrt:mbctype.obj
 0004:00000e94       $pdata$__acrt_initialize_lowio$fin$0 000000018001be94     libucrt:ioinit.obj
 0004:00000e94       $pdata$__acrt_lowio_ensure_fh_exists$fin$0 000000018001be94     libucrt:osfinfo.obj
 0004:00000ea0       $pdata$raise$fin$0         000000018001bea0     libucrt:signal.obj
 0004:00000eac       $pdata$?fin$0@?0???$?RV<lambda_842d9ff0dc9ef11c61343bbaebe7f885>@@AEAV<lambda_c5860995281e5c4ce005b3de8f5874ee>@@V<lambda_d90129c13df834fdcbf8d2b88dafcf2d>@@@?$__crt_seh_guarded_call@X@@QEAAX$$QEAV<lambda_842d9ff0dc9ef11c61343bbaebe7f885>@@AEAV<lambda_c5860995281e5c4ce005b3de8f5874ee>@@$$QEAV<lambda_d90129c13df834fdcbf8d2b88dafcf2d>@@@Z@4HA 000000018001beac     libucrt:fflush.obj
 0004:00000eb8       $pdata$?fin$0@?0???$?RV<lambda_886d6c58226a84441f68b9f2b8217b83>@@AEAV<lambda_ab61a845afdef5b7c387490eaf3616ee>@@V<lambda_f7f22ab5edc0698d5f6905b0d3f44752>@@@?$__crt_seh_guarded_call@X@@QEAAX$$QEAV<lambda_886d6c58226a84441f68b9f2b8217b83>@@AEAV<lambda_ab61a845afdef5b7c387490eaf3616ee>@@$$QEAV<lambda_f7f22ab5edc0698d5f6905b0d3f44752>@@@Z@4HA 000000018001beb8     libucrt:fflush.obj
 0004:00000ec4       $pdata$__acrt_update_thread_locale_data$fin$0 000000018001bec4     libucrt:locale_refcounting.obj
 0004:00000ed0       $pdata$?fin$0@?0???$?RV<lambda_a37b2b86f63e897a80ea819b0eb08c01>@@AEAV<lambda_38ce7e780aa69e748d6df282ebc68efe>@@V<lambda_99fb1378e971ab6e7edea83e3a7a83a2>@@@?$__crt_seh_guarded_call@H@@QEAAH$$QEAV<lambda_a37b2b86f63e897a80ea819b0eb08c01>@@AEAV<lambda_38ce7e780aa69e748d6df282ebc68efe>@@$$QEAV<lambda_99fb1378e971ab6e7edea83e3a7a83a2>@@@Z@4HA 000000018001bed0     libucrt:commit.obj
 0004:00000ed0       $pdata$?fin$0@?0???$?RV<lambda_751a882b2c74d4b022dec766aa51a29a>@@AEAV<lambda_628dfdc04ba53c8bfc02c9951375f3f5>@@V<lambda_f6c7be5f7998530c34de24c7437d6b54>@@@?$__crt_seh_guarded_call@H@@QEAAH$$QEAV<lambda_751a882b2c74d4b022dec766aa51a29a>@@AEAV<lambda_628dfdc04ba53c8bfc02c9951375f3f5>@@$$QEAV<lambda_f6c7be5f7998530c34de24c7437d6b54>@@@Z@4HA 000000018001bed0     libucrt:close.obj
 0004:00000edc       $pdata$_write$fin$0        000000018001bedc     libucrt:write.obj
 0004:00000ee8       $pdata$_fcloseall$fin$0    000000018001bee8     libucrt:closeall.obj
 0004:00000ef4       $pdata$fclose$fin$0        000000018001bef4     libucrt:fclose.obj
 0004:00000f00       $pdata$_ctrlfp$filt$0      000000018001bf00     libucrt:fpctrl.obj
 0004:00000f0c       $pdata$_IsNonwritableInCurrentImage$filt$0 000000018001bf0c     LIBCMT:pesect.obj
 0005:00000060       $R000000                   000000018001c060     * linker generated manifest res *

 Exports

  ordinal    name

        1    _register_testaddon_
